 glquake

 Timestamp is 61009772 (Tue Jul 27 16:32:02 2021)

 Preferred load address is 00400000

 Start         Length     Name                   Class
 0001:00000000 00051c2dH .text                   CODE
 0002:00000000 00000c87H .rdata                  DATA
 0002:00000c87 00000000H .edata                  DATA
 0003:00000000 00000004H .CRT$XCA                DATA
 0003:00000004 00000004H .CRT$XCZ                DATA
 0003:00000008 00000004H .CRT$XIA                DATA
 0003:0000000c 00000008H .CRT$XIC                DATA
 0003:00000014 00000004H .CRT$XIZ                DATA
 0003:00000018 00000004H .CRT$XPA                DATA
 0003:0000001c 00000004H .CRT$XPX                DATA
 0003:00000020 00000004H .CRT$XPZ                DATA
 0003:00000024 00000004H .CRT$XTA                DATA
 0003:00000028 00000004H .CRT$XTZ                DATA
 0003:00000030 000122a0H .data                   DATA
 0003:000122d0 008fc2a8H .bss                    DATA
 0004:00000000 0000008cH .idata$2                DATA
 0004:0000008c 00000014H .idata$3                DATA
 0004:000000a0 000002fcH .idata$4                DATA
 0004:0000039c 000002fcH .idata$5                DATA
 0004:00000698 00000bd8H .idata$6                DATA
 0005:00000000 00000220H .rsrc$01                DATA
 0005:00000220 000028e8H .rsrc$02                DATA

  Address         Publics by Value              Rva+Base     Lib:Object

 0001:00000000       _CDAudio_Play              00401000 f   cd_win.obj
 0001:000002cd       _CDAudio_Stop              004012cd f   cd_win.obj
 0001:0000032e       _CDAudio_Pause             0040132e f   cd_win.obj
 0001:0000039e       _CDAudio_Resume            0040139e f   cd_win.obj
 0001:0000042e       _CDAudio_MessageHandler    0040142e f   cd_win.obj
 0001:000004f3       _CDAudio_Update            004014f3 f   cd_win.obj
 0001:0000056c       _CDAudio_Init              0040156c f   cd_win.obj
 0001:00000acc       _CDAudio_Shutdown          00401acc f   cd_win.obj
 0001:00000b10       _Chase_Init                00401b10 f   chase.obj
 0001:00000b49       _Chase_Reset               00401b49 f   chase.obj
 0001:00000b4e       _TraceLine                 00401b4e f   chase.obj
 0001:00000ba9       _Chase_Update              00401ba9 f   chase.obj
 0001:00000d00       _CL_StopPlayback           00401d00 f   cl_demo.obj
 0001:00000d4a       _CL_WriteDemoMessage       00401d4a f   cl_demo.obj
 0001:00000df1       _CL_GetMessage             00401df1 f   cl_demo.obj
 0001:00000fc2       _CL_Stop_f                 00401fc2 f   cl_demo.obj
 0001:0000103a       _CL_Record_f               0040203a f   cl_demo.obj
 0001:000011db       _CL_PlayDemo_f             004021db f   cl_demo.obj
 0001:00001364       _CL_FinishTimeDemo         00402364 f   cl_demo.obj
 0001:000013d2       _CL_TimeDemo_f             004023d2 f   cl_demo.obj
 0001:00001420       _KeyDown                   00402420 f   cl_input.obj
 0001:000014c3       _KeyUp                     004024c3 f   cl_input.obj
 0001:00001582       _IN_KLookDown              00402582 f   cl_input.obj
 0001:00001594       _IN_KLookUp                00402594 f   cl_input.obj
 0001:000015a6       _IN_MLookDown              004025a6 f   cl_input.obj
 0001:000015b8       _IN_MLookUp                004025b8 f   cl_input.obj
 0001:000015ee       _IN_UpDown                 004025ee f   cl_input.obj
 0001:00001600       _IN_UpUp                   00402600 f   cl_input.obj
 0001:00001612       _IN_DownDown               00402612 f   cl_input.obj
 0001:00001624       _IN_DownUp                 00402624 f   cl_input.obj
 0001:00001636       _IN_LeftDown               00402636 f   cl_input.obj
 0001:00001648       _IN_LeftUp                 00402648 f   cl_input.obj
 0001:0000165a       _IN_RightDown              0040265a f   cl_input.obj
 0001:0000166c       _IN_RightUp                0040266c f   cl_input.obj
 0001:0000167e       _IN_ForwardDown            0040267e f   cl_input.obj
 0001:00001690       _IN_ForwardUp              00402690 f   cl_input.obj
 0001:000016a2       _IN_BackDown               004026a2 f   cl_input.obj
 0001:000016b4       _IN_BackUp                 004026b4 f   cl_input.obj
 0001:000016c6       _IN_LookupDown             004026c6 f   cl_input.obj
 0001:000016d8       _IN_LookupUp               004026d8 f   cl_input.obj
 0001:000016ea       _IN_LookdownDown           004026ea f   cl_input.obj
 0001:000016fc       _IN_LookdownUp             004026fc f   cl_input.obj
 0001:0000170e       _IN_MoveleftDown           0040270e f   cl_input.obj
 0001:00001720       _IN_MoveleftUp             00402720 f   cl_input.obj
 0001:00001732       _IN_MoverightDown          00402732 f   cl_input.obj
 0001:00001744       _IN_MoverightUp            00402744 f   cl_input.obj
 0001:00001756       _IN_SpeedDown              00402756 f   cl_input.obj
 0001:00001768       _IN_SpeedUp                00402768 f   cl_input.obj
 0001:0000177a       _IN_StrafeDown             0040277a f   cl_input.obj
 0001:0000178c       _IN_StrafeUp               0040278c f   cl_input.obj
 0001:0000179e       _IN_AttackDown             0040279e f   cl_input.obj
 0001:000017b0       _IN_AttackUp               004027b0 f   cl_input.obj
 0001:000017c2       _IN_UseDown                004027c2 f   cl_input.obj
 0001:000017d4       _IN_UseUp                  004027d4 f   cl_input.obj
 0001:000017e6       _IN_JumpDown               004027e6 f   cl_input.obj
 0001:000017f8       _IN_JumpUp                 004027f8 f   cl_input.obj
 0001:0000180a       _IN_Impulse                0040280a f   cl_input.obj
 0001:00001827       _CL_KeyState               00402827 f   cl_input.obj
 0001:000018f6       _CL_AdjustAngles           004028f6 f   cl_input.obj
 0001:00001ae2       _CL_BaseMove               00402ae2 f   cl_input.obj
 0001:00001c5f       _CL_SendMove               00402c5f f   cl_input.obj
 0001:00001e20       _CL_InitInput              00402e20 f   cl_input.obj
 0001:000020a0       _CL_ClearState             004030a0 f   cl_main.obj
 0001:000021aa       _CL_Disconnect             004031aa f   cl_main.obj
 0001:0000227c       _CL_Disconnect_f           0040327c f   cl_main.obj
 0001:00002299       _CL_EstablishConnection    00403299 f   cl_main.obj
 0001:0000230f       _CL_SignonReply            0040330f f   cl_main.obj
 0001:00002482       _CL_NextDemo               00403482 f   cl_main.obj
 0001:00002537       _CL_PrintEntities_f        00403537 f   cl_main.obj
 0001:00002615       _SetPal                    00403615 f   cl_main.obj
 0001:0000261a       _CL_AllocDlight            0040361a f   cl_main.obj
 0001:000026fe       _CL_DecayLights            004036fe f   cl_main.obj
 0001:0000279b       _CL_LerpPoint              0040379b f   cl_main.obj
 0001:000028e0       _CL_RelinkEntities         004038e0 f   cl_main.obj
 0001:00002fb2       _CL_ReadFromServer         00403fb2 f   cl_main.obj
 0001:00003051       _CL_SendCmd                00404051 f   cl_main.obj
 0001:0000310d       _CL_Init                   0040410d f   cl_main.obj
 0001:000032a0       _CL_EntityNum              004042a0 f   cl_parse.obj
 0001:0000330b       _CL_ParseStartSoundPacket  0040430b f   cl_parse.obj
 0001:000033f4       _CL_KeepaliveMessage       004043f4 f   cl_parse.obj
 0001:00003554       _CL_ParseServerInfo        00404554 f   cl_parse.obj
 0001:00003848       _CL_ParseUpdate            00404848 f   cl_parse.obj
 0001:00003ce9       _CL_ParseBaseline          00404ce9 f   cl_parse.obj
 0001:00003d55       _CL_ParseClientdata        00404d55 f   cl_parse.obj
 0001:0000405c       _CL_NewTranslation         0040505c f   cl_parse.obj
 0001:000041da       _CL_ParseStatic            004051da f   cl_parse.obj
 0001:000042da       _CL_ParseStaticSound       004052da f   cl_parse.obj
 0001:00004347       _CL_ParseServerMessage     00405347 f   cl_parse.obj
 0001:000049b0       _CL_InitTEnts              004059b0 f   cl_tent.obj
 0001:00004a33       _CL_ParseBeam              00405a33 f   cl_tent.obj
 0001:00004bbb       _CL_ParseTEnt              00405bbb f   cl_tent.obj
 0001:0000511e       _CL_NewTempEntity          0040611e f   cl_tent.obj
 0001:000051a8       _CL_UpdateTEnts            004061a8 f   cl_tent.obj
 0001:00005480       _Cmd_Wait_f                00406480 f   cmd.obj
 0001:0000548f       _Cbuf_Init                 0040648f f   cmd.obj
 0001:000054a6       _Cbuf_AddText              004064a6 f   cmd.obj
 0001:000054fb       _Cbuf_InsertText           004064fb f   cmd.obj
 0001:00005581       _Cbuf_Execute              00406581 f   cmd.obj
 0001:000056ea       _Cmd_StuffCmds_f           004066ea f   cmd.obj
 0001:000058ff       _Cmd_Exec_f                004068ff f   cmd.obj
 0001:00005990       _Cmd_Echo_f                00406990 f   cmd.obj
 0001:000059dd       _CopyString                004069dd f   cmd.obj
 0001:00005a13       _Cmd_Alias_f               00406a13 f   cmd.obj
 0001:00005ba9       _Cmd_Init                  00406ba9 f   cmd.obj
 0001:00005c1a       _Cmd_Argc                  00406c1a f   cmd.obj
 0001:00005c24       _Cmd_Argv                  00406c24 f   cmd.obj
 0001:00005c45       _Cmd_Args                  00406c45 f   cmd.obj
 0001:00005c4f       _Cmd_TokenizeString        00406c4f f   cmd.obj
 0001:00005d84       _Cmd_AddCommand            00406d84 f   cmd.obj
 0001:00005e3e       _Cmd_Exists                00406e3e f   cmd.obj
 0001:00005e80       _Cmd_CompleteCommand       00406e80 f   cmd.obj
 0001:00005ee3       _Cmd_ExecuteString         00406ee3 f   cmd.obj
 0001:00005fb2       _Cmd_ForwardToServer       00406fb2 f   cmd.obj
 0001:00006071       _Cmd_CheckParm             00407071 f   cmd.obj
 0001:000060d0       _ClearLink                 004070d0 f   common.obj
 0001:000060e6       _RemoveLink                004070e6 f   common.obj
 0001:00006106       _InsertLinkBefore          00407106 f   common.obj
 0001:00006134       _InsertLinkAfter           00407134 f   common.obj
 0001:00006163       _Q_memset                  00407163 f   common.obj
 0001:000061f0       _Q_memcpy                  004071f0 f   common.obj
 0001:0000626f       _Q_memcmp                  0040726f f   common.obj
 0001:000062a4       _Q_strcpy                  004072a4 f   common.obj
 0001:000062e0       _Q_strncpy                 004072e0 f   common.obj
 0001:00006332       _Q_strlen                  00407332 f   common.obj
 0001:0000635c       _Q_strrchr                 0040735c f   common.obj
 0001:000063ac       _Q_strcat                  004073ac f   common.obj
 0001:000063d5       _Q_strcmp                  004073d5 f   common.obj
 0001:0000641d       _Q_strncmp                 0040741d f   common.obj
 0001:00006479       _Q_strncasecmp             00407479 f   common.obj
 0001:00006519       _Q_strcasecmp              00407519 f   common.obj
 0001:00006533       _Q_atoi                    00407533 f   common.obj
 0001:0000667a       _Q_atof                    0040767a f   common.obj
 0001:00006852       _ShortSwap                 00407852 f   common.obj
 0001:0000688e       _ShortNoSwap               0040788e f   common.obj
 0001:00006897       _LongSwap                  00407897 f   common.obj
 0001:0000690a       _LongNoSwap                0040790a f   common.obj
 0001:00006912       _FloatSwap                 00407912 f   common.obj
 0001:0000693d       _FloatNoSwap               0040793d f   common.obj
 0001:00006945       _MSG_WriteChar             00407945 f   common.obj
 0001:00006966       _MSG_WriteByte             00407966 f   common.obj
 0001:00006987       _MSG_WriteShort            00407987 f   common.obj
 0001:000069ba       _MSG_WriteLong             004079ba f   common.obj
 0001:00006a10       _MSG_WriteFloat            00407a10 f   common.obj
 0001:00006a40       _MSG_WriteString           00407a40 f   common.obj
 0001:00006a80       _MSG_WriteCoord            00407a80 f   common.obj
 0001:00006aa0       _MSG_WriteAngle            00407aa0 f   common.obj
 0001:00006aca       _MSG_BeginReading          00407aca f   common.obj
 0001:00006ae3       _MSG_ReadChar              00407ae3 f   common.obj
 0001:00006b2c       _MSG_ReadByte              00407b2c f   common.obj
 0001:00006b76       _MSG_ReadShort             00407b76 f   common.obj
 0001:00006bd8       _MSG_ReadLong              00407bd8 f   common.obj
 0001:00006c63       _MSG_ReadFloat             00407c63 f   common.obj
 0001:00006cd2       _MSG_ReadString            00407cd2 f   common.obj
 0001:00006d26       _MSG_ReadCoord             00407d26 f   common.obj
 0001:00006d44       _MSG_ReadAngle             00407d44 f   common.obj
 0001:00006d62       _SZ_Alloc                  00407d62 f   common.obj
 0001:00006da1       _SZ_Free                   00407da1 f   common.obj
 0001:00006db0       _SZ_Clear                  00407db0 f   common.obj
 0001:00006dbf       _SZ_GetSpace               00407dbf f   common.obj
 0001:00006e4d       _SZ_Write                  00407e4d f   common.obj
 0001:00006e73       _SZ_Print                  00407e73 f   common.obj
 0001:00006eed       _COM_SkipPath              00407eed f   common.obj
 0001:00006f27       _COM_StripExtension        00407f27 f   common.obj
 0001:00006f65       _COM_FileExtension         00407f65 f   common.obj
 0001:00006ff1       _COM_FileBase              00407ff1 f   common.obj
 0001:000070a5       _COM_DefaultExtension      004080a5 f   common.obj
 0001:000070fe       _COM_Parse                 004080fe f   common.obj
 0001:00007288       _COM_CheckParm             00408288 f   common.obj
 0001:000072e3       _COM_CheckRegistered       004082e3 f   common.obj
 0001:0000740f       _COM_InitArgv              0040840f f   common.obj
 0001:000075de       _COM_Init                  004085de f   common.obj
 0001:000076bb       _va                        004086bb f   common.obj
 0001:000076ea       _memsearch                 004086ea f   common.obj
 0001:00007725       _COM_Path_f                00408725 f   common.obj
 0001:0000779e       _COM_WriteFile             0040879e f   common.obj
 0001:0000782a       _COM_CreatePath            0040882a f   common.obj
 0001:00007875       _COM_CopyFile              00408875 f   common.obj
 0001:00007956       _COM_FindFile              00408956 f   common.obj
 0001:00007d27       _COM_OpenFile              00408d27 f   common.obj
 0001:00007d3e       _COM_FOpenFile             00408d3e f   common.obj
 0001:00007d55       _COM_CloseFile             00408d55 f   common.obj
 0001:00007da9       _COM_LoadFile              00408da9 f   common.obj
 0001:00007ef1       _COM_LoadHunkFile          00408ef1 f   common.obj
 0001:00007f04       _COM_LoadTempFile          00408f04 f   common.obj
 0001:00007f17       _COM_LoadCacheFile         00408f17 f   common.obj
 0001:00007f32       _COM_LoadStackFile         00408f32 f   common.obj
 0001:00007f5f       _COM_LoadPackFile          00408f5f f   common.obj
 0001:00008211       _COM_AddGameDirectory      00409211 f   common.obj
 0001:0000830e       _COM_InitFilesystem        0040930e f   common.obj
 0001:000086c0       _InitConProc               004096c0 f   conproc.obj
 0001:0000878a       _DeinitConProc             0040978a f   conproc.obj
 0001:000087a4       _RequestProc               004097a4 f   conproc.obj
 0001:000088d4       _GetMappedBuffer           004098d4 f   conproc.obj
 0001:000088f4       _ReleaseMappedBuffer       004098f4 f   conproc.obj
 0001:00008903       _GetScreenBufferLines      00409903 f   conproc.obj
 0001:00008933       _SetScreenBufferLines      00409933 f   conproc.obj
 0001:0000894d       _ReadText                  0040994d f   conproc.obj
 0001:000089a0       _WriteText                 004099a0 f   conproc.obj
 0001:00008aae       _CharToCode                00409aae f   conproc.obj
 0001:00008b6e       _SetConsoleCXCY            00409b6e f   conproc.obj
 0001:00008d30       _Con_ToggleConsole_f       00409d30 f   console.obj
 0001:00008d93       _Con_Clear_f               00409d93 f   console.obj
 0001:00008db6       _Con_ClearNotify           00409db6 f   console.obj
 0001:00008de6       _Con_MessageMode_f         00409de6 f   console.obj
 0001:00008dff       _Con_MessageMode2_f        00409dff f   console.obj
 0001:00008e18       _Con_CheckResize           00409e18 f   console.obj
 0001:00008fa4       _Con_Init                  00409fa4 f   console.obj
 0001:000090d8       _Con_Linefeed              0040a0d8 f   console.obj
 0001:00009120       _Con_Print                 0040a120 f   console.obj
 0001:000092d8       _Con_DebugLog              0040a2d8 f   console.obj
 0001:00009348       _Con_Printf                0040a348 f   console.obj
 0001:00009423       _Con_DPrintf               0040a423 f   console.obj
 0001:0000948a       _Con_SafePrintf            0040a48a f   console.obj
 0001:000094f3       _Con_DrawInput             0040a4f3 f   console.obj
 0001:000095fe       _Con_DrawNotify            0040a5fe f   console.obj
 0001:000097c1       _Con_DrawConsole           0040a7c1 f   console.obj
 0001:000098bb       _Con_NotifyBox             0040a8bb f   console.obj
 0001:00009970       _CRC_Init                  0040a970 f   crc.obj
 0001:0000997d       _CRC_ProcessByte           0040a97d f   crc.obj
 0001:000099b5       _CRC_Value                 0040a9b5 f   crc.obj
 0001:000099c0       _Cvar_FindVar              0040a9c0 f   cvar.obj
 0001:00009a00       _Cvar_VariableValue        0040aa00 f   cvar.obj
 0001:00009a34       _Cvar_VariableString       0040aa34 f   cvar.obj
 0001:00009a5e       _Cvar_CompleteVariable     0040aa5e f   cvar.obj
 0001:00009ac0       _Cvar_Set                  0040aac0 f   cvar.obj
 0001:00009b92       _Cvar_SetValue             0040ab92 f   cvar.obj
 0001:00009bc6       _Cvar_RegisterVariable     0040abc6 f   cvar.obj
 0001:00009c85       _Cvar_Command              0040ac85 f   cvar.obj
 0001:00009cf6       _Cvar_WriteVariables       0040acf6 f   cvar.obj
 0001:00009d40       _GL_Bind                   0040ad40 f   gl_draw.obj
 0001:00009d85       _Scrap_AllocBlock          0040ad85 f   gl_draw.obj
 0001:00009ebf       _Scrap_Upload              0040aebf f   gl_draw.obj
 0001:00009f2c       _Draw_PicFromWad           0040af2c f   gl_draw.obj
 0001:0000a0e9       _Draw_CachePic             0040b0e9 f   gl_draw.obj
 0001:0000a240       _Draw_CharToConback        0040b240 f   gl_draw.obj
 0001:0000a2e3       _Draw_TextureMode_f        0040b2e3 f   gl_draw.obj
 0001:0000a44b       _Draw_Init                 0040b44b f   gl_draw.obj
 0001:0000a72c       _Draw_Character            0040b72c f   gl_draw.obj
 0001:0000a868       _Draw_String               0040b868 f   gl_draw.obj
 0001:0000a8a2       _Draw_DebugChar            0040b8a2 f   gl_draw.obj
 0001:0000a8a7       _Draw_AlphaPic             0040b8a7 f   gl_draw.obj
 0001:0000aa11       _Draw_Pic                  0040ba11 f   gl_draw.obj
 0001:0000ab36       _Draw_TransPic             0040bb36 f   gl_draw.obj
 0001:0000ab8e       _Draw_TransPicTranslate    0040bb8e f   gl_draw.obj
 0001:0000adb0       _Draw_ConsoleBackground    0040bdb0 f   gl_draw.obj
 0001:0000ae1b       _Draw_TileClear            0040be1b f   gl_draw.obj
 0001:0000af89       _Draw_Fill                 0040bf89 f   gl_draw.obj
 0001:0000b0b4       _Draw_FadeScreen           0040c0b4 f   gl_draw.obj
 0001:0000b1a2       _Draw_BeginDisc            0040c1a2 f   gl_draw.obj
 0001:0000b1e2       _Draw_EndDisc              0040c1e2 f   gl_draw.obj
 0001:0000b1e7       _GL_Set2D                  0040c1e7 f   gl_draw.obj
 0001:0000b2c7       _GL_FindTexture            0040c2c7 f   gl_draw.obj
 0001:0000b328       _GL_ResampleTexture        0040c328 f   gl_draw.obj
 0001:0000b430       _GL_Resample8BitTexture    0040c430 f   gl_draw.obj
 0001:0000b52a       _GL_MipMap                 0040c52a f   gl_draw.obj
 0001:0000b67d       _GL_MipMap8Bit             0040c67d f   gl_draw.obj
 0001:0000b80e       _GL_Upload32               0040c80e f   gl_draw.obj
 0001:0000bab5       _GL_Upload8_EXT            0040cab5 f   gl_draw.obj
 0001:0000bda4       _GL_Upload8                0040cda4 f   gl_draw.obj
 0001:0000bf22       _GL_LoadTexture            0040cf22 f   gl_draw.obj
 0001:0000c049       _GL_LoadPicTexture         0040d049 f   gl_draw.obj
 0001:0000c073       _GL_SelectTexture          0040d073 f   gl_draw.obj
 0001:0000c0d0       _StripLength               0040d0d0 f   gl_mesh.obj
 0001:0000c308       _FanLength                 0040d308 f   gl_mesh.obj
 0001:0000c503       _BuildTris                 0040d503 f   gl_mesh.obj
 0001:0000c91a       _GL_MakeAliasModelDisplayLists 0040d91a f   gl_mesh.obj
 0001:0000cbc0       _Mod_Init                  0040dbc0 f   gl_model.obj
 0001:0000cbe9       _Mod_Extradata             0040dbe9 f   gl_model.obj
 0001:0000cc40       _Mod_PointInLeaf           0040dc40 f   gl_model.obj
 0001:0000cce8       _Mod_DecompressVis         0040dce8 f   gl_model.obj
 0001:0000cda7       _Mod_LeafPVS               0040dda7 f   gl_model.obj
 0001:0000cdd4       _Mod_ClearAll              0040ddd4 f   gl_model.obj
 0001:0000ce23       _Mod_FindName              0040de23 f   gl_model.obj
 0001:0000cedb       _Mod_TouchModel            0040dedb f   gl_model.obj
 0001:0000cf15       _Mod_LoadModel             0040df15 f   gl_model.obj
 0001:0000d02a       _Mod_ForName               0040e02a f   gl_model.obj
 0001:0000d051       _Mod_LoadTextures          0040e051 f   gl_model.obj
 0001:0000d5fb       _Mod_LoadLighting          0040e5fb f   gl_model.obj
 0001:0000d662       _Mod_LoadVisibility        0040e662 f   gl_model.obj
 0001:0000d6c9       _Mod_LoadEntities          0040e6c9 f   gl_model.obj
 0001:0000d730       _Mod_LoadVertexes          0040e730 f   gl_model.obj
 0001:0000d823       _Mod_LoadSubmodels         0040e823 f   gl_model.obj
 0001:0000d9cf       _Mod_LoadEdges             0040e9cf f   gl_model.obj
 0001:0000daae       _Mod_LoadTexinfo           0040eaae f   gl_model.obj
 0001:0000dccc       _CalcSurfaceExtents        0040eccc f   gl_model.obj
 0001:0000df03       _Mod_LoadFaces             0040ef03 f   gl_model.obj
 0001:0000e19d       _Mod_SetParent             0040f19d f   gl_model.obj
 0001:0000e1db       _Mod_LoadNodes             0040f1db f   gl_model.obj
 0001:0000e3eb       _Mod_LoadLeafs             0040f3eb f   gl_model.obj
 0001:0000e623       _Mod_LoadClipnodes         0040f623 f   gl_model.obj
 0001:0000e80a       _Mod_MakeHull0             0040f80a f   gl_model.obj
 0001:0000e93c       _Mod_LoadMarksurfaces      0040f93c f   gl_model.obj
 0001:0000ea2b       _Mod_LoadSurfedges         0040fa2b f   gl_model.obj
 0001:0000eae2       _Mod_LoadPlanes            0040fae2 f   gl_model.obj
 0001:0000ec38       _RadiusFromBounds          0040fc38 f   gl_model.obj
 0001:0000ecea       _Mod_LoadBrushModel        0040fcea f   gl_model.obj
 0001:0000eff8       _Mod_LoadAliasFrame        0040fff8 f   gl_model.obj
 0001:0000f0ad       _Mod_LoadAliasGroup        004100ad f   gl_model.obj
 0001:0000f1a4       _Mod_FloodFillSkin         004101a4 f   gl_model.obj
 0001:0000f5b9       _Mod_LoadAllSkins          004105b9 f   gl_model.obj
 0001:0000f8d0       _Mod_LoadAliasModel        004108d0 f   gl_model.obj
 0001:0000fe29       _Mod_LoadSpriteFrame       00410e29 f   gl_model.obj
 0001:0000ff49       _Mod_LoadSpriteGroup       00410f49 f   gl_model.obj
 0001:00010069       _Mod_LoadSpriteModel       00411069 f   gl_model.obj
 0001:0001028f       _Mod_Print                 0041128f f   gl_model.obj
 0001:00010300       _R_RemoveEfrags            00411300 f   gl_refrag.obj
 0001:00010393       _R_SplitEntityOnNode       00411393 f   gl_refrag.obj
 0001:00010529       _R_AddEfrags               00411529 f   gl_refrag.obj
 0001:000105ee       _R_StoreEfrags             004115ee f   gl_refrag.obj
 0001:000106b0       _R_AnimateLight            004116b0 f   gl_rlight.obj
 0001:00010747       _AddLightBlend             00411747 f   gl_rlight.obj
 0001:000107cf       _R_RenderDlight            004117cf f   gl_rlight.obj
 0001:00010980       _R_RenderDlights           00411980 f   gl_rlight.obj
 0001:00010a83       _R_MarkLights              00411a83 f   gl_rlight.obj
 0001:00010bd5       _R_PushDlights             00411bd5 f   gl_rlight.obj
 0001:00010c7a       _RecursiveLightPoint       00411c7a f   gl_rlight.obj
 0001:0001104d       _R_LightPoint              0041204d f   gl_rlight.obj
 0001:000110c0       _R_CullBox                 004120c0 f   gl_rmain.obj
 0001:0001110d       _R_RotateForEntity         0041210d f   gl_rmain.obj
 0001:0001117a       _R_GetSpriteFrame          0041217a f   gl_rmain.obj
 0001:00011282       _R_DrawSpriteModel         00412282 f   gl_rmain.obj
 0001:0001147f       _GL_DrawAliasFrame         0041247f f   gl_rmain.obj
 0001:000115ae       _GL_DrawAliasShadow        004125ae f   gl_rmain.obj
 0001:00011709       _R_SetupAliasFrame         00412709 f   gl_rmain.obj
 0001:000117a5       _R_DrawAliasModel          004127a5 f   gl_rmain.obj
 0001:00011e0d       _R_DrawEntitiesOnList      00412e0d f   gl_rmain.obj
 0001:00011ef4       _R_DrawViewModel           00412ef4 f   gl_rmain.obj
 0001:0001212d       _R_PolyBlend               0041312d f   gl_rmain.obj
 0001:0001224f       _SignbitsForPlane          0041324f f   gl_rmain.obj
 0001:000122a5       _R_SetFrustum              004132a5 f   gl_rmain.obj
 0001:000124ea       _R_SetupFrame              004134ea f   gl_rmain.obj
 0001:000125b7       _MYgluPerspective          004135b7 f   gl_rmain.obj
 0001:0001262e       _R_SetupGL                 0041362e f   gl_rmain.obj
 0001:0001290a       _R_RenderScene             0041390a f   gl_rmain.obj
 0001:00012941       _R_Clear                   00413941 f   gl_rmain.obj
 0001:00012a9d       _R_Mirror                  00413a9d f   gl_rmain.obj
 0001:00012db8       _R_RenderView              00413db8 f   gl_rmain.obj
 0001:00012ee0       _R_InitTextures            00413ee0 f   gl_rmisc.obj
 0001:0001302f       _R_InitParticleTexture     0041402f f   gl_rmisc.obj
 0001:000131ad       _R_Envmap_f                004141ad f   gl_rmisc.obj
 0001:000134c9       _R_Init                    004144c9 f   gl_rmisc.obj
 0001:00013677       _R_TranslatePlayerSkin     00414677 f   gl_rmisc.obj
 0001:00013df6       _R_NewMap                  00414df6 f   gl_rmisc.obj
 0001:00013f67       _R_TimeRefresh_f           00414f67 f   gl_rmisc.obj
 0001:0001400a       _D_FlushCaches             0041500a f   gl_rmisc.obj
 0001:00014010       _R_AddDynamicLights        00415010 f   gl_rsurf.obj
 0001:000142e6       _R_BuildLightMap           004152e6 f   gl_rsurf.obj
 0001:000145f1       _R_TextureAnimation        004155f1 f   gl_rsurf.obj
 0001:0001469e       _GL_DisableMultitexture    0041569e f   gl_rsurf.obj
 0001:000146ce       _GL_EnableMultitexture     004156ce f   gl_rsurf.obj
 0001:000146fe       _R_DrawSequentialPoly      004156fe f   gl_rsurf.obj
 0001:00014dc8       _DrawGLWaterPoly           00415dc8 f   gl_rsurf.obj
 0001:00014ef8       _DrawGLWaterPolyLightmap   00415ef8 f   gl_rsurf.obj
 0001:00015028       _DrawGLPoly                00416028 f   gl_rsurf.obj
 0001:0001508f       _R_BlendLightmaps          0041608f f   gl_rsurf.obj
 0001:0001532e       _R_RenderBrushPoly         0041632e f   gl_rsurf.obj
 0001:0001560b       _R_RenderDynamicLightmaps  0041660b f   gl_rsurf.obj
 0001:0001586a       _R_MirrorChain             0041686a f   gl_rsurf.obj
 0001:00015890       _R_DrawWaterSurfaces       00416890 f   gl_rsurf.obj
 0001:00015a74       _DrawTextureChains         00416a74 f   gl_rsurf.obj
 0001:00015bac       _R_DrawBrushModel          00416bac f   gl_rsurf.obj
 0001:00015fa4       _R_RecursiveWorldNode      00416fa4 f   gl_rsurf.obj
 0001:000162ba       _R_DrawWorld               004172ba f   gl_rsurf.obj
 0001:00016365       _R_MarkLeaves              00417365 f   gl_rsurf.obj
 0001:000164ce       _AllocBlock                004174ce f   gl_rsurf.obj
 0001:00016608       _BuildSurfaceDisplayList   00417608 f   gl_rsurf.obj
 0001:00016bb7       _GL_CreateSurfaceLightmap  00417bb7 f   gl_rsurf.obj
 0001:00016c6a       _GL_BuildLightmaps         00417c6a f   gl_rsurf.obj
 0001:00016fe0       _SCR_CenterPrint           00417fe0 f   gl_screen.obj
 0001:0001704a       _SCR_DrawCenterString      0041804a f   gl_screen.obj
 0001:000171ab       _SCR_CheckDrawCenterString 004181ab f   gl_screen.obj
 0001:0001720d       _CalcFov                   0041820d f   gl_screen.obj
 0001:0001729c       _SCR_SizeUp_f              0041829c f   gl_screen.obj
 0001:000172c8       _SCR_SizeDown_f            004182c8 f   gl_screen.obj
 0001:000172f4       _SCR_Init                  004182f4 f   gl_screen.obj
 0001:000173e4       _SCR_DrawRam               004183e4 f   gl_screen.obj
 0001:00017428       _SCR_DrawTurtle            00418428 f   gl_screen.obj
 0001:00017495       _SCR_DrawNet               00418495 f   gl_screen.obj
 0001:000174df       _SCR_DrawPause             004184df f   gl_screen.obj
 0001:00017543       _SCR_DrawLoading           00418543 f   gl_screen.obj
 0001:00017592       _SCR_SetUpToDrawConsole    00418592 f   gl_screen.obj
 0001:00017721       _SCR_DrawConsole           00418721 f   gl_screen.obj
 0001:0001777c       _SCR_ScreenShot_f          0041877c f   gl_screen.obj
 0001:0001796c       _SCR_BeginLoadingPlaque    0041896c f   gl_screen.obj
 0001:000179f2       _SCR_EndLoadingPlaque      004189f2 f   gl_screen.obj
 0001:00017a10       _SCR_DrawNotifyString      00418a10 f   gl_screen.obj
 0001:00017b17       _SCR_ModalMessage          00418b17 f   gl_screen.obj
 0001:00017ba1       _SCR_BringDownConsole      00418ba1 f   gl_screen.obj
 0001:00017bfe       _SCR_TileClear             00418bfe f   gl_screen.obj
 0001:00017cca       _SCR_UpdateScreen          00418cca f   gl_screen.obj
 0001:00018190       _VID_HandlePause           00419190 f   gl_vidnt.obj
 0001:00018195       _VID_ForceLockState        00419195 f   gl_vidnt.obj
 0001:0001819a       _VID_LockBuffer            0041919a f   gl_vidnt.obj
 0001:0001819f       _VID_UnlockBuffer          0041919f f   gl_vidnt.obj
 0001:000181a4       _VID_ForceUnlockedAndReturnState 004191a4 f   gl_vidnt.obj
 0001:000181ab       _D_BeginDirectRect         004191ab f   gl_vidnt.obj
 0001:000181b0       _D_EndDirectRect           004191b0 f   gl_vidnt.obj
 0001:000181b5       _CenterWindow              004191b5 f   gl_vidnt.obj
 0001:00018231       _VID_SetWindowedMode       00419231 f   gl_vidnt.obj
 0001:00018490       _VID_SetFullDIBMode        00419490 f   gl_vidnt.obj
 0001:00018756       _VID_SetMode               00419756 f   gl_vidnt.obj
 0001:00018981       _VID_UpdateWindowStatus    00419981 f   gl_vidnt.obj
 0001:000189ed       _CheckTextureExtensions    004199ed f   gl_vidnt.obj
 0001:00018ad5       _CheckArrayExtensions      00419ad5 f   gl_vidnt.obj
 0001:00018bac       _CheckMultiTextureExtensions 00419bac f   gl_vidnt.obj
 0001:00018c10       _GL_Init                   00419c10 f   gl_vidnt.obj
 0001:00018dcb       _GL_BeginRendering         00419dcb f   gl_vidnt.obj
 0001:00018e04       _GL_EndRendering           00419e04 f   gl_vidnt.obj
 0001:00018ebd       _VID_SetPalette            00419ebd f   gl_vidnt.obj
 0001:00019131       _VID_ShiftPalette          0041a131 f   gl_vidnt.obj
 0001:00019136       _VID_SetDefaultMode        0041a136 f   gl_vidnt.obj
 0001:00019140       _VID_Shutdown              0041a140 f   gl_vidnt.obj
 0001:000191f1       _bSetupPixelFormat         0041a1f1 f   gl_vidnt.obj
 0001:0001925d       _MapKey                    0041a25d f   gl_vidnt.obj
 0001:000192a5       _ClearAllStates            0041a2a5 f   gl_vidnt.obj
 0001:000192e2       _AppActivate               0041a2e2 f   gl_vidnt.obj
 0001:00019421       _MainWndProc@16            0041a421 f   gl_vidnt.obj
 0001:0001973e       _VID_NumModes              0041a73e f   gl_vidnt.obj
 0001:00019748       _VID_GetModePtr            0041a748 f   gl_vidnt.obj
 0001:00019770       _VID_GetModeDescription    0041a770 f   gl_vidnt.obj
 0001:000197db       _VID_GetExtModeDescription 0041a7db f   gl_vidnt.obj
 0001:0001989a       _VID_DescribeCurrentMode_f 0041a89a f   gl_vidnt.obj
 0001:000198bb       _VID_NumModes_f            0041a8bb f   gl_vidnt.obj
 0001:000198f2       _VID_DescribeMode_f        0041a8f2 f   gl_vidnt.obj
 0001:00019947       _VID_DescribeModes_f       0041a947 f   gl_vidnt.obj
 0001:000199c3       _VID_InitDIB               0041a9c3 f   gl_vidnt.obj
 0001:00019b5e       _VID_InitFullDIB           0041ab5e f   gl_vidnt.obj
 0001:0001a0ab       _VID_Is8bit                0041b0ab f   gl_vidnt.obj
 0001:0001a0b5       _VID_Init8bitPalette       0041b0b5 f   gl_vidnt.obj
 0001:0001a207       _VID_Init                  0041b207 f   gl_vidnt.obj
 0001:0001acba       _VID_MenuDraw              0041bcba f   gl_vidnt.obj
 0001:0001aedf       _VID_MenuKey               0041bedf f   gl_vidnt.obj
 0001:0001af10       _BoundPoly                 0041bf10 f   gl_warp.obj
 0001:0001afdf       _SubdividePolygon          0041bfdf f   gl_warp.obj
 0001:0001b616       _GL_SubdivideSurface       0041c616 f   gl_warp.obj
 0001:0001b755       _EmitWaterPolys            0041c755 f   gl_warp.obj
 0001:0001b85b       _EmitSkyPolys              0041c85b f   gl_warp.obj
 0001:0001b989       _EmitBothSkyLayers         0041c989 f   gl_warp.obj
 0001:0001ba39       _R_DrawSkyChain            0041ca39 f   gl_warp.obj
 0001:0001bb1b       _R_InitSky                 0041cb1b f   gl_warp.obj
 0001:0001bdd0       _Host_EndGame              0041cdd0 f   host.obj
 0001:0001be6f       _Host_Error                0041ce6f f   host.obj
 0001:0001bf37       _Host_FindMaxClients       0041cf37 f   host.obj
 0001:0001c09a       _Host_InitLocal            0041d09a f   host.obj
 0001:0001c180       _Host_WriteConfiguration   0041d180 f   host.obj
 0001:0001c1fc       _SV_ClientPrintf           0041d1fc f   host.obj
 0001:0001c262       _SV_BroadcastPrintf        0041d262 f   host.obj
 0001:0001c340       _Host_ClientCommands       0041d340 f   host.obj
 0001:0001c3a6       _SV_DropClient             0041d3a6 f   host.obj
 0001:0001c5e1       _Host_ShutdownServer       0041d5e1 f   host.obj
 0001:0001c7c1       _Host_ClearMemory          0041d7c1 f   host.obj
 0001:0001c826       _Host_FilterTime           0041d826 f   host.obj
 0001:0001c8ff       _Host_GetConsoleCommands   0041d8ff f   host.obj
 0001:0001c92e       _Host_ServerFrame          0041d92e f   host.obj
 0001:0001c978       __Host_Frame               0041d978 f   host.obj
 0001:0001cb43       _Host_Frame                0041db43 f   host.obj
 0001:0001cc4c       _Host_InitVCR              0041dc4c f   host.obj
 0001:0001ceb9       _Host_Init                 0041deb9 f   host.obj
 0001:0001d0cc       _Host_Shutdown             0041e0cc f   host.obj
 0001:0001d130       _Host_Quit_f               0041e130 f   host_cmd.obj
 0001:0001d162       _Host_Status_f             0041e162 f   host_cmd.obj
 0001:0001d323       _Host_God_f                0041e323 f   host_cmd.obj
 0001:0001d3ba       _Host_Notarget_f           0041e3ba f   host_cmd.obj
 0001:0001d458       _Host_Noclip_f             0041e458 f   host_cmd.obj
 0001:0001d4fe       _Host_Fly_f                0041e4fe f   host_cmd.obj
 0001:0001d58d       _Host_Ping_f               0041e58d f   host_cmd.obj
 0001:0001d65d       _Host_Map_f                0041e65d f   host_cmd.obj
 0001:0001d7ac       _Host_Changelevel_f        0041e7ac f   host_cmd.obj
 0001:0001d818       _Host_Restart_f            0041e818 f   host_cmd.obj
 0001:0001d85e       _Host_Reconnect_f          0041e85e f   host_cmd.obj
 0001:0001d872       _Host_Connect_f            0041e872 f   host_cmd.obj
 0001:0001d8c1       _Host_SavegameComment      0041e8c1 f   host_cmd.obj
 0001:0001d983       _Host_Savegame_f           0041e983 f   host_cmd.obj
 0001:0001dca3       _Host_Loadgame_f           0041eca3 f   host_cmd.obj
 0001:0001e18c       _Host_Name_f               0041f18c f   host_cmd.obj
 0001:0001e314       _Host_Version_f            0041f314 f   host_cmd.obj
 0001:0001e33d       _Host_Say                  0041f33d f   host_cmd.obj
 0001:0001e513       _Host_Say_f                0041f513 f   host_cmd.obj
 0001:0001e522       _Host_Say_Team_f           0041f522 f   host_cmd.obj
 0001:0001e531       _Host_Tell_f               0041f531 f   host_cmd.obj
 0001:0001e699       _Host_Color_f              0041f699 f   host_cmd.obj
 0001:0001e81a       _Host_Kill_f               0041f81a f   host_cmd.obj
 0001:0001e88e       _Host_Pause_f              0041f88e f   host_cmd.obj
 0001:0001e942       _Host_PreSpawn_f           0041f942 f   host_cmd.obj
 0001:0001e9cc       _Host_Spawn_f              0041f9cc f   host_cmd.obj
 0001:0001ef0f       _Host_Begin_f              0041ff0f f   host_cmd.obj
 0001:0001ef38       _Host_Kick_f               0041ff38 f   host_cmd.obj
 0001:0001f1b6       _Host_Give_f               004201b6 f   host_cmd.obj
 0001:0001f6b3       _FindViewthing             004206b3 f   host_cmd.obj
 0001:0001f720       _Host_Viewmodel_f          00420720 f   host_cmd.obj
 0001:0001f794       _Host_Viewframe_f          00420794 f   host_cmd.obj
 0001:0001f7fc       _PrintFrameName            004207fc f   host_cmd.obj
 0001:0001f848       _Host_Viewnext_f           00420848 f   host_cmd.obj
 0001:0001f8d8       _Host_Viewprev_f           004208d8 f   host_cmd.obj
 0001:0001f95d       _Host_Startdemos_f         0042095d f   host_cmd.obj
 0001:0001fa3f       _Host_Demos_f              00420a3f f   host_cmd.obj
 0001:0001fa6c       _Host_Stopdemo_f           00420a6c f   host_cmd.obj
 0001:0001fa91       _Host_InitCommands         00420a91 f   host_cmd.obj
 0001:0001fd10       _Force_CenterView_f        00420d10 f   in_win.obj
 0001:0001fd1f       _IN_UpdateClipCursor       00420d1f f   in_win.obj
 0001:0001fd4a       _IN_ShowMouse              00420d4a f   in_win.obj
 0001:0001fd6a       _IN_HideMouse              00420d6a f   in_win.obj
 0001:0001fd8a       _IN_ActivateMouse          00420d8a f   in_win.obj
 0001:0001fe36       _IN_SetQuakeMouseState     00420e36 f   in_win.obj
 0001:0001fe49       _IN_DeactivateMouse        00420e49 f   in_win.obj
 0001:0001fecb       _IN_RestoreOriginalMouseState 00420ecb f   in_win.obj
 0001:0001fef8       _IN_InitDInput             00420ef8 f   in_win.obj
 0001:00020095       _IN_StartupMouse           00421095 f   in_win.obj
 0001:000201b8       _IN_Init                   004211b8 f   in_win.obj
 0001:000202ff       _IN_Shutdown               004212ff f   in_win.obj
 0001:00020356       _IN_MouseEvent             00421356 f   in_win.obj
 0001:0002041b       _IN_MouseMove              0042141b f   in_win.obj
 0001:0002087c       _IN_Move                   0042187c f   in_win.obj
 0001:000208ab       _IN_Accumulate             004218ab f   in_win.obj
 0001:00020917       _IN_ClearStates            00421917 f   in_win.obj
 0001:00020943       _IN_StartupJoystick        00421943 f   in_win.obj
 0001:00020ab9       _RawValuePointer           00421ab9 f   in_win.obj
 0001:00020b17       _Joy_AdvancedUpdate_f      00421b17 f   in_win.obj
 0001:00020ceb       _IN_Commands               00421ceb f   in_win.obj
 0001:00020ee5       _IN_ReadJoystick           00421ee5 f   in_win.obj
 0001:00020f50       _IN_JoyMove                00421f50 f   in_win.obj
 0001:000213f0       _Key_Console               004223f0 f   keys.obj
 0001:000217fb       _Key_Message               004227fb f   keys.obj
 0001:000218f7       _Key_StringToKeynum        004228f7 f   keys.obj
 0001:00021964       _Key_KeynumToString        00422964 f   keys.obj
 0001:000219ce       _Key_SetBinding            004229ce f   keys.obj
 0001:00021a55       _Key_Unbind_f              00422a55 f   keys.obj
 0001:00021abd       _Key_Unbindall_f           00422abd f   keys.obj
 0001:00021b00       _Key_Bind_f                00422b00 f   keys.obj
 0001:00021c2a       _Key_WriteBindings         00422c2a f   keys.obj
 0001:00021c96       _Key_Init                  00422c96 f   keys.obj
 0001:00021f21       _Key_Event                 00422f21 f   keys.obj
 0001:0002228f       _Key_ClearStates           0042328f f   keys.obj
 0001:000222d0       _ProjectPointOnPlane       004232d0 f   mathlib.obj
 0001:0002238c       _PerpendicularVector       0042338c f   mathlib.obj
 0001:00022441       _RotatePointAroundVector   00423441 f   mathlib.obj
 0001:00022660       _anglemod                  00423660 f   mathlib.obj
 0001:0002268a       _BOPS_Error                0042368a f   mathlib.obj
 0001:0002269c       _BoxOnPlaneSide            0042369c f   mathlib.obj
 0001:000229e2       _AngleVectors              004239e2 f   mathlib.obj
 0001:00022b45       _VectorCompare             00423b45 f   mathlib.obj
 0001:00022b8b       _VectorMA                  00423b8b f   mathlib.obj
 0001:00022bcc       __DotProduct               00423bcc f   mathlib.obj
 0001:00022bf7       __VectorSubtract           00423bf7 f   mathlib.obj
 0001:00022c2f       __VectorAdd                00423c2f f   mathlib.obj
 0001:00022c67       __VectorCopy               00423c67 f   mathlib.obj
 0001:00022c8e       _CrossProduct              00423c8e f   mathlib.obj
 0001:00022cee       _Length                    00423cee f   mathlib.obj
 0001:00022d47       _VectorNormalize           00423d47 f   mathlib.obj
 0001:00022dd2       _VectorInverse             00423dd2 f   mathlib.obj
 0001:00022dff       _VectorScale               00423dff f   mathlib.obj
 0001:00022e2f       _Q_log2                    00423e2f f   mathlib.obj
 0001:00022e5a       _R_ConcatRotations         00423e5a f   mathlib.obj
 0001:00022ff6       _R_ConcatTransforms        00423ff6 f   mathlib.obj
 0001:0002322d       _FloorDivMod               0042422d f   mathlib.obj
 0001:0002331f       _GreatestCommonDivisor     0042431f f   mathlib.obj
 0001:0002336c       _Invert24To16              0042436c f   mathlib.obj
 0001:000233a0       _M_DrawCharacter           004243a0 f   menu.obj
 0001:000233c9       _M_Print                   004243c9 f   menu.obj
 0001:00023408       _M_PrintWhite              00424408 f   menu.obj
 0001:00023442       _M_DrawTransPic            00424442 f   menu.obj
 0001:0002346b       _M_DrawPic                 0042446b f   menu.obj
 0001:00023494       _M_BuildTranslationTable   00424494 f   menu.obj
 0001:00023594       _M_DrawTransPicTranslate   00424594 f   menu.obj
 0001:000235c2       _M_DrawTextBox             004245c2 f   menu.obj
 0001:000237e0       _M_ToggleMenu_f            004247e0 f   menu.obj
 0001:00023833       _M_Menu_Main_f             00424833 f   menu.obj
 0001:00023873       _M_Main_Draw               00424873 f   menu.obj
 0001:0002392f       _M_Main_Key                0042492f f   menu.obj
 0001:00023aea       _M_Menu_SinglePlayer_f     00424aea f   menu.obj
 0001:00023b0d       _M_SinglePlayer_Draw       00424b0d f   menu.obj
 0001:00023bc9       _M_SinglePlayer_Key        00424bc9 f   menu.obj
 0001:00023d83       _M_ScanSaves               00424d83 f   menu.obj
 0001:00023ebb       _M_Menu_Load_f             00424ebb f   menu.obj
 0001:00023ee3       _M_Menu_Save_f             00424ee3 f   menu.obj
 0001:00023f2c       _M_Load_Draw               00424f2c f   menu.obj
 0001:00023fce       _M_Save_Draw               00424fce f   menu.obj
 0001:00024070       _M_Load_Key                00425070 f   menu.obj
 0001:000241f0       _M_Save_Key                004251f0 f   menu.obj
 0001:00024349       _M_Menu_MultiPlayer_f      00425349 f   menu.obj
 0001:0002436c       _M_MultiPlayer_Draw        0042536c f   menu.obj
 0001:00024459       _M_MultiPlayer_Key         00425459 f   menu.obj
 0001:000245f5       _M_Menu_Setup_f            004255f5 f   menu.obj
 0001:0002467b       _M_Setup_Draw              0042567b f   menu.obj
 0001:000248ac       _M_Setup_Key               004258ac f   menu.obj
 0001:00024c82       _M_Menu_Net_f              00425c82 f   menu.obj
 0001:00024ce2       _M_Net_Draw                00425ce2 f   menu.obj
 0001:00024f71       _M_Net_Key                 00425f71 f   menu.obj
 0001:0002514c       _M_Menu_Options_f          0042614c f   menu.obj
 0001:0002518b       _M_AdjustSliders           0042618b f   menu.obj
 0001:00025510       _M_DrawSlider              00426510 f   menu.obj
 0001:000255d3       _M_DrawCheckbox            004265d3 f   menu.obj
 0001:0002560a       _M_Options_Draw            0042660a f   menu.obj
 0001:00025905       _M_Options_Key             00426905 f   menu.obj
 0001:00025b3a       _M_Menu_Keys_f             00426b3a f   menu.obj
 0001:00025b5d       _M_FindKeysForCommand      00426b5d f   menu.obj
 0001:00025bf7       _M_UnbindCommand           00426bf7 f   menu.obj
 0001:00025c6b       _M_Keys_Draw               00426c6b f   menu.obj
 0001:00025e37       _M_Keys_Key                00426e37 f   menu.obj
 0001:00026061       _M_Menu_Video_f            00427061 f   menu.obj
 0001:00026084       _M_Video_Draw              00427084 f   menu.obj
 0001:0002608f       _M_Video_Key               0042708f f   menu.obj
 0001:000260a1       _M_Menu_Help_f             004270a1 f   menu.obj
 0001:000260ce       _M_Help_Draw               004270ce f   menu.obj
 0001:000260fc       _M_Help_Key                004270fc f   menu.obj
 0001:00026205       _M_Menu_Quit_f             00427205 f   menu.obj
 0001:0002625d       _M_Quit_Key                0042725d f   menu.obj
 0001:0002633d       _M_Quit_Draw               0042733d f   menu.obj
 0001:000264f8       _M_Menu_SerialConfig_f     004274f8 f   menu.obj
 0001:00026603       _M_SerialConfig_Draw       00427603 f   menu.obj
 0001:00026958       _M_SerialConfig_Key        00427958 f   menu.obj
 0001:00026e34       _M_Menu_ModemConfig_f      00427e34 f   menu.obj
 0001:00026e76       _M_ModemConfig_Draw        00427e76 f   menu.obj
 0001:00027144       _M_ModemConfig_Key         00428144 f   menu.obj
 0001:00027470       _M_Menu_LanConfig_f        00428470 f   menu.obj
 0001:00027514       _M_LanConfig_Draw          00428514 f   menu.obj
 0001:000277e8       _M_LanConfig_Key           004287e8 f   menu.obj
 0001:00027b12       _M_Menu_GameOptions_f      00428b12 f   menu.obj
 0001:00027b5d       _M_GameOptions_Draw        00428b5d f   menu.obj
 0001:00028144       _M_NetStart_Change         00429144 f   menu.obj
 0001:00028503       _M_GameOptions_Key         00429503 f   menu.obj
 0001:000287a8       _M_Menu_Search_f           004297a8 f   menu.obj
 0001:000287ee       _M_Search_Draw             004297ee f   menu.obj
 0001:000288d1       _M_Search_Key              004298d1 f   menu.obj
 0001:000288d6       _M_Menu_ServerList_f       004298d6 f   menu.obj
 0001:0002891e       _M_ServerList_Draw         0042991e f   menu.obj
 0001:00028b8a       _M_ServerList_Key          00429b8a f   menu.obj
 0001:00028d32       _M_Init                    00429d32 f   menu.obj
 0001:00028e0f       _M_Draw                    00429e0f f   menu.obj
 0001:00028fa7       _M_Keydown                 00429fa7 f   menu.obj
 0001:0002912e       _M_ConfigureNetSubsystem   0042a12e f   menu.obj
 0001:00029180       _NET_Ban_f                 0042a180 f   net_dgrm.obj
 0001:000292e2       _Datagram_SendMessage      0042a2e2 f   net_dgrm.obj
 0001:00029410       _SendMessageNext           0042a410 f   net_dgrm.obj
 0001:00029514       _ReSendMessage             0042a514 f   net_dgrm.obj
 0001:00029608       _Datagram_CanSendMessage   0042a608 f   net_dgrm.obj
 0001:00029628       _Datagram_CanSendUnreliableMessage 0042a628 f   net_dgrm.obj
 0001:00029632       _Datagram_SendUnreliableMessage 0042a632 f   net_dgrm.obj
 0001:000296ef       _Datagram_GetMessage       0042a6ef f   net_dgrm.obj
 0001:00029b17       _PrintStats                0042ab17 f   net_dgrm.obj
 0001:00029b68       _NET_Stats_f               0042ab68 f   net_dgrm.obj
 0001:0002a0f4       _Datagram_Init             0042b0f4 f   net_dgrm.obj
 0001:0002a650       _Datagram_Shutdown         0042b650 f   net_dgrm.obj
 0001:0002a6a2       _Datagram_Close            0042b6a2 f   net_dgrm.obj
 0001:0002a6c0       _Datagram_Listen           0042b6c0 f   net_dgrm.obj
 0001:0002a709       _Datagram_CheckNewConnections 0042b709 f   net_dgrm.obj
 0001:0002b193       _Datagram_SearchForHosts   0042c193 f   net_dgrm.obj
 0001:0002b642       _Datagram_Connect          0042c642 f   net_dgrm.obj
 0001:0002bb40       _Loop_Init                 0042cb40 f   net_loop.obj
 0001:0002bb55       _Loop_Shutdown             0042cb55 f   net_loop.obj
 0001:0002bb5a       _Loop_Listen               0042cb5a f   net_loop.obj
 0001:0002bb5f       _Loop_SearchForHosts       0042cb5f f   net_loop.obj
 0001:0002bc01       _Loop_Connect              0042cc01 f   net_loop.obj
 0001:0002bd30       _Loop_CheckNewConnections  0042cd30 f   net_loop.obj
 0001:0002bda3       _Loop_GetMessage           0042cda3 f   net_loop.obj
 0001:0002be9d       _Loop_SendMessage          0042ce9d f   net_loop.obj
 0001:0002bf8f       _Loop_SendUnreliableMessage 0042cf8f f   net_loop.obj
 0001:0002c071       _Loop_CanSendMessage       0042d071 f   net_loop.obj
 0001:0002c089       _Loop_CanSendUnreliableMessage 0042d089 f   net_loop.obj
 0001:0002c093       _Loop_Close                0042d093 f   net_loop.obj
 0001:0002c0f0       _SetNetTime                0042d0f0 f   net_main.obj
 0001:0002c100       _NET_NewQSocket            0042d100 f   net_main.obj
 0001:0002c222       _NET_FreeQSocket           0042d222 f   net_main.obj
 0001:0002c2a5       _NET_Slist_f               0042d2a5 f   net_main.obj
 0001:0002c57e       _NET_Connect               0042d57e f   net_main.obj
 0001:0002c76d       _NET_CheckNewConnections   0042d76d f   net_main.obj
 0001:0002c89f       _NET_Close                 0042d89f f   net_main.obj
 0001:0002c8e0       _NET_GetMessage            0042d8e0 f   net_main.obj
 0001:0002ca93       _NET_SendMessage           0042da93 f   net_main.obj
 0001:0002cb5c       _NET_SendUnreliableMessage 0042db5c f   net_main.obj
 0001:0002cc25       _NET_CanSendMessage        0042dc25 f   net_main.obj
 0001:0002ccbc       _NET_SendToAll             0042dcbc f   net_main.obj
 0001:0002ced5       _NET_Init                  0042ded5 f   net_main.obj
 0001:0002d409       _NET_Shutdown              0042e409 f   net_main.obj
 0001:0002d4c0       _NET_Poll                  0042e4c0 f   net_main.obj
 0001:0002d5b8       _SchedulePollProcedure     0042e5b8 f   net_main.obj
 0001:0002d640       _VCR_Init                  0042e640 f   net_vcr.obj
 0001:0002d6b6       _VCR_ReadNext              0042e6b6 f   net_vcr.obj
 0001:0002d70a       _VCR_Listen                0042e70a f   net_vcr.obj
 0001:0002d70f       _VCR_Shutdown              0042e70f f   net_vcr.obj
 0001:0002d714       _VCR_GetMessage            0042e714 f   net_vcr.obj
 0001:0002d7b3       _VCR_SendMessage           0042e7b3 f   net_vcr.obj
 0001:0002d80e       _VCR_CanSendMessage        0042e80e f   net_vcr.obj
 0001:0002d869       _VCR_Close                 0042e869 f   net_vcr.obj
 0001:0002d86e       _VCR_SearchForHosts        0042e86e f   net_vcr.obj
 0001:0002d873       _VCR_Connect               0042e873 f   net_vcr.obj
 0001:0002d87a       _VCR_CheckNewConnections   0042e87a f   net_vcr.obj
 0001:0002d900       _BlockingHook@0            0042e900 f   net_wins.obj
 0001:0002d95d       _WINS_GetLocalAddress      0042e95d f   net_wins.obj
 0001:0002da48       _WINS_Init                 0042ea48 f   net_wins.obj
 0001:0002ded6       _WINS_Shutdown             0042eed6 f   net_wins.obj
 0001:0002df11       _WINS_Listen               0042ef11 f   net_wins.obj
 0001:0002df7b       _WINS_OpenSocket           0042ef7b f   net_wins.obj
 0001:0002e01c       _WINS_CloseSocket          0042f01c f   net_wins.obj
 0001:0002e040       _WINS_Connect              0042f040 f   net_wins.obj
 0001:0002e047       _WINS_CheckNewConnections  0042f047 f   net_wins.obj
 0001:0002e093       _WINS_Read                 0042f093 f   net_wins.obj
 0001:0002e0eb       _WINS_MakeSocketBroadcastCapable 0042f0eb f   net_wins.obj
 0001:0002e125       _WINS_Broadcast            0042f125 f   net_wins.obj
 0001:0002e193       _WINS_Write                0042f193 f   net_wins.obj
 0001:0002e1d2       _WINS_AddrToString         0042f1d2 f   net_wins.obj
 0001:0002e243       _WINS_StringToAddr         0042f243 f   net_wins.obj
 0001:0002e2b8       _WINS_GetSocketAddr        0042f2b8 f   net_wins.obj
 0001:0002e317       _WINS_GetNameFromAddr      0042f317 f   net_wins.obj
 0001:0002e36c       _WINS_GetAddrFromName      0042f36c f   net_wins.obj
 0001:0002e5b5       _WINS_AddrCompare          0042f5b5 f   net_wins.obj
 0001:0002e601       _WINS_GetSocketPort        0042f601 f   net_wins.obj
 0001:0002e618       _WINS_SetSocketPort        0042f618 f   net_wins.obj
 0001:0002e630       _WIPX_Init                 0042f630 f   net_wipx.obj
 0001:0002e8c4       _WIPX_Shutdown             0042f8c4 f   net_wipx.obj
 0001:0002e8ff       _WIPX_Listen               0042f8ff f   net_wipx.obj
 0001:0002e964       _WIPX_OpenSocket           0042f964 f   net_wipx.obj
 0001:0002ea87       _WIPX_CloseSocket          0042fa87 f   net_wipx.obj
 0001:0002eabc       _WIPX_Connect              0042fabc f   net_wipx.obj
 0001:0002eac3       _WIPX_CheckNewConnections  0042fac3 f   net_wipx.obj
 0001:0002eb18       _WIPX_Read                 0042fb18 f   net_wipx.obj
 0001:0002eba9       _WIPX_Broadcast            0042fba9 f   net_wipx.obj
 0001:0002ebc7       _WIPX_Write                0042fbc7 f   net_wipx.obj
 0001:0002ec5a       _WIPX_AddrToString         0042fc5a f   net_wipx.obj
 0001:0002ed11       _WIPX_StringToAddr         0042fd11 f   net_wipx.obj
 0001:0002efbd       _WIPX_GetSocketAddr        0042ffbd f   net_wipx.obj
 0001:0002f00c       _WIPX_GetNameFromAddr      0043000c f   net_wipx.obj
 0001:0002f02c       _WIPX_GetAddrFromName      0043002c f   net_wipx.obj
 0001:0002f0cd       _WIPX_AddrCompare          004300cd f   net_wipx.obj
 0001:0002f15e       _WIPX_GetSocketPort        0043015e f   net_wipx.obj
 0001:0002f175       _WIPX_SetSocketPort        00430175 f   net_wipx.obj
 0001:0002f190       _PF_VarString              00430190 f   pr_cmds.obj
 0001:0002f1e6       _PF_error                  004301e6 f   pr_cmds.obj
 0001:0002f248       _PF_objerror               00430248 f   pr_cmds.obj
 0001:0002f2b6       _PF_makevectors            004302b6 f   pr_cmds.obj
 0001:0002f2f1       _PF_setorigin              004302f1 f   pr_cmds.obj
 0001:0002f352       _SetMinMaxSize             00430352 f   pr_cmds.obj
 0001:0002f653       _PF_setsize                00430653 f   pr_cmds.obj
 0001:0002f69b       _PF_setmodel               0043069b f   pr_cmds.obj
 0001:0002f790       _PF_bprint                 00430790 f   pr_cmds.obj
 0001:0002f7b6       _PF_sprint                 004307b6 f   pr_cmds.obj
 0001:0002f842       _PF_centerprint            00430842 f   pr_cmds.obj
 0001:0002f8ce       _PF_normalize              004308ce f   pr_cmds.obj
 0001:0002f991       _PF_vlen                   00430991 f   pr_cmds.obj
 0001:0002f9ec       _PF_vectoyaw               004309ec f   pr_cmds.obj
 0001:0002fa8d       _PF_vectoangles            00430a8d f   pr_cmds.obj
 0001:0002fbe2       _PF_random                 00430be2 f   pr_cmds.obj
 0001:0002fc10       _PF_particle               00430c10 f   pr_cmds.obj
 0001:0002fc67       _PF_ambientsound           00430c67 f   pr_cmds.obj
 0001:0002fd90       _PF_sound                  00430d90 f   pr_cmds.obj
 0001:0002fe7e       _PF_break                  00430e7e f   pr_cmds.obj
 0001:0002fe9a       _PF_traceline              00430e9a f   pr_cmds.obj
 0001:0002fff7       _PF_checkpos               00430ff7 f   pr_cmds.obj
 0001:0002fffc       _PF_newcheckclient         00430ffc f   pr_cmds.obj
 0001:00030149       _PF_checkclient            00431149 f   pr_cmds.obj
 0001:000302cd       _PF_stuffcmd               004312cd f   pr_cmds.obj
 0001:0003035c       _PF_localcmd               0043135c f   pr_cmds.obj
 0001:00030381       _PF_cvar                   00431381 f   pr_cmds.obj
 0001:000303ae       _PF_cvar_set               004313ae f   pr_cmds.obj
 0001:000303ea       _PF_findradius             004313ea f   pr_cmds.obj
 0001:00030518       _PF_dprint                 00431518 f   pr_cmds.obj
 0001:00030535       _PF_ftos                   00431535 f   pr_cmds.obj
 0001:000305ab       _PF_fabs                   004315ab f   pr_cmds.obj
 0001:000305d5       _PF_vtos                   004315d5 f   pr_cmds.obj
 0001:0003062c       _PF_Spawn                  0043162c f   pr_cmds.obj
 0001:0003064e       _PF_Remove                 0043164e f   pr_cmds.obj
 0001:00030673       _PF_Find                   00431673 f   pr_cmds.obj
 0001:00030759       _PR_CheckEmptyString       00431759 f   pr_cmds.obj
 0001:00030776       _PF_precache_file          00431776 f   pr_cmds.obj
 0001:0003078c       _PF_precache_sound         0043178c f   pr_cmds.obj
 0001:0003083d       _PF_precache_model         0043183d f   pr_cmds.obj
 0001:00030906       _PF_coredump               00431906 f   pr_cmds.obj
 0001:00030910       _PF_traceon                00431910 f   pr_cmds.obj
 0001:0003091f       _PF_traceoff               0043191f f   pr_cmds.obj
 0001:0003092e       _PF_eprint                 0043192e f   pr_cmds.obj
 0001:00030953       _PF_walkmove               00431953 f   pr_cmds.obj
 0001:00030a3d       _PF_droptofloor            00431a3d f   pr_cmds.obj
 0001:00030b5a       _PF_lightstyle             00431b5a f   pr_cmds.obj
 0001:00030c1a       _PF_rint                   00431c1a f   pr_cmds.obj
 0001:00030c78       _PF_floor                  00431c78 f   pr_cmds.obj
 0001:00030c9c       _PF_ceil                   00431c9c f   pr_cmds.obj
 0001:00030cc0       _PF_checkbottom            00431cc0 f   pr_cmds.obj
 0001:00030cf5       _PF_pointcontents          00431cf5 f   pr_cmds.obj
 0001:00030d25       _PF_nextent                00431d25 f   pr_cmds.obj
 0001:00030da9       _PF_aim                    00431da9 f   pr_cmds.obj
 0001:000311fa       _PF_changeyaw              004321fa f   pr_cmds.obj
 0001:000312fb       _WriteDest                 004322fb f   pr_cmds.obj
 0001:000313b8       _PF_WriteByte              004323b8 f   pr_cmds.obj
 0001:000313d9       _PF_WriteChar              004323d9 f   pr_cmds.obj
 0001:000313fa       _PF_WriteShort             004323fa f   pr_cmds.obj
 0001:0003141b       _PF_WriteLong              0043241b f   pr_cmds.obj
 0001:0003143c       _PF_WriteAngle             0043243c f   pr_cmds.obj
 0001:0003145b       _PF_WriteCoord             0043245b f   pr_cmds.obj
 0001:0003147a       _PF_WriteString            0043247a f   pr_cmds.obj
 0001:0003149c       _PF_WriteEntity            0043249c f   pr_cmds.obj
 0001:000314c7       _PF_makestatic             004324c7 f   pr_cmds.obj
 0001:000315c6       _PF_setspawnparms          004325c6 f   pr_cmds.obj
 0001:0003165e       _PF_changelevel            0043265e f   pr_cmds.obj
 0001:000316a6       _PF_Fixme                  004326a6 f   pr_cmds.obj
 0001:000316c0       _ED_ClearEdict             004326c0 f   pr_edict.obj
 0001:000316eb       _ED_Alloc                  004326eb f   pr_edict.obj
 0001:000317af       _ED_Free                   004327af f   pr_edict.obj
 0001:00031892       _ED_GlobalAtOfs            00432892 f   pr_edict.obj
 0001:000318e2       _ED_FieldAtOfs             004328e2 f   pr_edict.obj
 0001:00031932       _ED_FindField              00432932 f   pr_edict.obj
 0001:00031991       _ED_FindGlobal             00432991 f   pr_edict.obj
 0001:000319f0       _ED_FindFunction           004329f0 f   pr_edict.obj
 0001:00031a51       _GetEdictFieldValue        00432a51 f   pr_edict.obj
 0001:00031b21       _PR_ValueString            00432b21 f   pr_edict.obj
 0001:00031cc2       _PR_UglyValueString        00432cc2 f   pr_edict.obj
 0001:00031e48       _PR_GlobalString           00432e48 f   pr_edict.obj
 0001:00031f19       _PR_GlobalStringNoContents 00432f19 f   pr_edict.obj
 0001:00031fbe       _ED_Print                  00432fbe f   pr_edict.obj
 0001:00032124       _ED_Write                  00433124 f   pr_edict.obj
 0001:00032272       _ED_PrintNum               00433272 f   pr_edict.obj
 0001:0003228c       _ED_PrintEdicts            0043328c f   pr_edict.obj
 0001:000322d2       _ED_PrintEdict_f           004332d2 f   pr_edict.obj
 0001:00032316       _ED_Count                  00433316 f   pr_edict.obj
 0001:00032428       _ED_WriteGlobals           00433428 f   pr_edict.obj
 0001:0003251c       _ED_ParseGlobals           0043351c f   pr_edict.obj
 0001:0003260a       _ED_NewString              0043360a f   pr_edict.obj
 0001:000326c2       _ED_ParseEpair             004336c2 f   pr_edict.obj
 0001:000328f4       _ED_ParseEdict             004338f4 f   pr_edict.obj
 0001:00032b1a       _ED_LoadFromFile           00433b1a f   pr_edict.obj
 0001:00032d37       _PR_LoadProgs              00433d37 f   pr_edict.obj
 0001:00033264       _PR_Init                   00434264 f   pr_edict.obj
 0001:00033340       _EDICT_NUM                 00434340 f   pr_edict.obj
 0001:00033378       _NUM_FOR_EDICT             00434378 f   pr_edict.obj
 0001:000333c0       _PR_PrintStatement         004343c0 f   pr_exec.obj
 0001:0003356f       _PR_StackTrace             0043456f f   pr_exec.obj
 0001:00033607       _PR_Profile_f              00434607 f   pr_exec.obj
 0001:000336bd       _PR_RunError               004346bd f   pr_exec.obj
 0001:0003373f       _PR_EnterFunction          0043473f f   pr_exec.obj
 0001:0003388d       _PR_LeaveFunction          0043488d f   pr_exec.obj
 0001:00033948       _PR_ExecuteProgram         00434948 f   pr_exec.obj
 0001:00034480       _R_InitParticles           00435480 f   r_part.obj
 0001:000344f6       _R_EntityParticles         004354f6 f   r_part.obj
 0001:00034718       _R_ClearParticles          00435718 f   r_part.obj
 0001:0003478d       _R_ReadPointFile_f         0043578d f   r_part.obj
 0001:00034904       _R_ParseParticleEffect     00435904 f   r_part.obj
 0001:000349a6       _R_ParticleExplosion       004359a6 f   r_part.obj
 0001:00034b38       _R_ParticleExplosion2      00435b38 f   r_part.obj
 0001:00034c4e       _R_BlobExplosion           00435c4e f   r_part.obj
 0001:00034e1c       _R_RunParticleEffect       00435e1c f   r_part.obj
 0001:00035063       _R_LavaSplash              00436063 f   r_part.obj
 0001:000351fa       _R_TeleportSplash          004361fa f   r_part.obj
 0001:000353b8       _R_RocketTrail             004363b8 f   r_part.obj
 0001:00035835       _R_DrawParticles           00436835 f   r_part.obj
 0001:00035d80       _Sbar_ShowScores           00436d80 f   sbar.obj
 0001:00035da4       _Sbar_DontShowScores       00436da4 f   sbar.obj
 0001:00035dbd       _Sbar_Changed              00436dbd f   sbar.obj
 0001:00035dcc       _Sbar_Init                 00436dcc f   sbar.obj
 0001:00036630       _Sbar_DrawPic              00437630 f   sbar.obj
 0001:00036689       _Sbar_DrawTransPic         00437689 f   sbar.obj
 0001:000366e2       _Sbar_DrawCharacter        004376e2 f   sbar.obj
 0001:00036740       _Sbar_DrawString           00437740 f   sbar.obj
 0001:00036799       _Sbar_itoa                 00437799 f   sbar.obj
 0001:0003682f       _Sbar_DrawNum              0043782f f   sbar.obj
 0001:000368e0       _Sbar_SortFrags            004378e0 f   sbar.obj
 0001:000369f9       _Sbar_ColorForMap          004379f9 f   sbar.obj
 0001:00036a21       _Sbar_UpdateScoreboard     00437a21 f   sbar.obj
 0001:00036af9       _Sbar_SoloScoreboard       00437af9 f   sbar.obj
 0001:00036c07       _Sbar_DrawScoreboard       00437c07 f   sbar.obj
 0001:00036c1f       _Sbar_DrawInventory        00437c1f f   sbar.obj
 0001:0003739b       _Sbar_DrawFrags            0043839b f   sbar.obj
 0001:0003757c       _Sbar_DrawFace             0043857c f   sbar.obj
 0001:00037854       _Sbar_Draw                 00438854 f   sbar.obj
 0001:00037d41       _Sbar_IntermissionNumber   00438d41 f   sbar.obj
 0001:00037df2       _Sbar_DeathmatchOverlay    00438df2 f   sbar.obj
 0001:00037fcc       _Sbar_MiniDeathmatchOverlay 00438fcc f   sbar.obj
 0001:0003824d       _Sbar_IntermissionOverlay  0043924d f   sbar.obj
 0001:000383eb       _Sbar_FinaleOverlay        004393eb f   sbar.obj
 0001:00038430       _S_AmbientOff              00439430 f   snd_dma.obj
 0001:0003843f       _S_AmbientOn               0043943f f   snd_dma.obj
 0001:0003844e       _S_SoundInfo_f             0043944e f   snd_dma.obj
 0001:0003852c       _S_Startup                 0043952c f   snd_dma.obj
 0001:0003856c       _S_Init                    0043956c f   snd_dma.obj
 0001:000387ea       _S_Shutdown                004397ea f   snd_dma.obj
 0001:00038830       _S_FindName                00439830 f   snd_dma.obj
 0001:00038904       _S_TouchSound              00439904 f   snd_dma.obj
 0001:00038935       _S_PrecacheSound           00439935 f   snd_dma.obj
 0001:0003898e       _SND_PickChannel           0043998e f   snd_dma.obj
 0001:00038a93       _SND_Spatialize            00439a93 f   snd_dma.obj
 0001:00038bd3       _S_StartSound              00439bd3 f   snd_dma.obj
 0001:00038daa       _S_StopSound               00439daa f   snd_dma.obj
 0001:00038e10       _S_StopAllSounds           00439e10 f   snd_dma.obj
 0001:00038e88       _S_StopAllSoundsC          00439e88 f   snd_dma.obj
 0001:00038e97       _S_ClearBuffer             00439e97 f   snd_dma.obj
 0001:00038ff1       _S_StaticSound             00439ff1 f   snd_dma.obj
 0001:000390e4       _S_UpdateAmbientSounds     0043a0e4 f   snd_dma.obj
 0001:00039289       _S_Update                  0043a289 f   snd_dma.obj
 0001:0003950c       _GetSoundtime              0043a50c f   snd_dma.obj
 0001:0003959e       _S_ExtraUpdate             0043a59e f   snd_dma.obj
 0001:000395c2       _S_Update_                 0043a5c2 f   snd_dma.obj
 0001:000396d0       _S_Play                    0043a6d0 f   snd_dma.obj
 0001:000397c0       _S_PlayVol                 0043a7c0 f   snd_dma.obj
 0001:000398c8       _S_SoundList               0043a8c8 f   snd_dma.obj
 0001:000399a3       _S_LocalSound              0043a9a3 f   snd_dma.obj
 0001:00039a16       _S_ClearPrecache           0043aa16 f   snd_dma.obj
 0001:00039a1b       _S_BeginPrecaching         0043aa1b f   snd_dma.obj
 0001:00039a20       _S_EndPrecaching           0043aa20 f   snd_dma.obj
 0001:00039a30       _ResampleSfx               0043aa30 f   snd_mem.obj
 0001:00039bd6       _S_LoadSound               0043abd6 f   snd_mem.obj
 0001:00039d8c       _GetLittleShort            0043ad8c f   snd_mem.obj
 0001:00039dd1       _GetLittleLong             0043add1 f   snd_mem.obj
 0001:00039e40       _FindNextChunk             0043ae40 f   snd_mem.obj
 0001:00039eed       _FindChunk                 0043aeed f   snd_mem.obj
 0001:00039f08       _DumpChunks                0043af08 f   snd_mem.obj
 0001:00039f94       _GetWavinfo                0043af94 f   snd_mem.obj
 0001:0003a210       _Snd_WriteLinearBlastStereo16 0043b210 f   snd_mix.obj
 0001:0003a2fd       _S_TransferStereo16        0043b2fd f   snd_mix.obj
 0001:0003a4a0       _S_TransferPaintBuffer     0043b4a0 f   snd_mix.obj
 0001:0003a746       _S_PaintChannels           0043b746 f   snd_mix.obj
 0001:0003a8e4       _SND_InitScaletable        0043b8e4 f   snd_mix.obj
 0001:0003a940       _SND_PaintChannelFrom8     0043b940 f   snd_mix.obj
 0001:0003aa22       _SND_PaintChannelFrom16    0043ba22 f   snd_mix.obj
 0001:0003aad0       _S_BlockSound              0043bad0 f   snd_win.obj
 0001:0003ab01       _S_UnblockSound            0043bb01 f   snd_win.obj
 0001:0003ab1c       _FreeSound                 0043bb1c f   snd_win.obj
 0001:0003acbb       _SNDDMA_InitDirect         0043bcbb f   snd_win.obj
 0001:0003b374       _SNDDMA_InitWav            0043c374 f   snd_win.obj
 0001:0003b6c6       _SNDDMA_Init               0043c6c6 f   snd_win.obj
 0001:0003b7fa       _SNDDMA_GetDMAPos          0043c7fa f   snd_win.obj
 0001:0003b873       _SNDDMA_Submit             0043c873 f   snd_win.obj
 0001:0003b94e       _SNDDMA_Shutdown           0043c94e f   snd_win.obj
 0001:0003b960       _SV_Init                   0043c960 f   sv_main.obj
 0001:0003ba25       _SV_StartParticle          0043ca25 f   sv_main.obj
 0001:0003bb0a       _SV_StartSound             0043cb0a f   sv_main.obj
 0001:0003bd39       _SV_SendServerinfo         0043cd39 f   sv_main.obj
 0001:0003bf90       _SV_ConnectClient          0043cf90 f   sv_main.obj
 0001:0003c101       _SV_CheckForNewClients     0043d101 f   sv_main.obj
 0001:0003c1af       _SV_ClearDatagram          0043d1af f   sv_main.obj
 0001:0003c1c1       _SV_AddToFatPVS            0043d1c1 f   sv_main.obj
 0001:0003c2c7       _SV_FatPVS                 0043d2c7 f   sv_main.obj
 0001:0003c316       _SV_WriteEntitiesToClient  0043d316 f   sv_main.obj
 0001:0003c7f2       _SV_CleanupEnts            0043d7f2 f   sv_main.obj
 0001:0003c854       _SV_WriteClientdataToMessage 0043d854 f   sv_main.obj
 0001:0003cdfe       _SV_SendClientDatagram     0043ddfe f   sv_main.obj
 0001:0003ceec       _SV_UpdateToReliableMessages 0043deec f   sv_main.obj
 0001:0003d070       _SV_SendNop                0043e070 f   sv_main.obj
 0001:0003d0d2       _SV_SendClientMessages     0043e0d2 f   sv_main.obj
 0001:0003d265       _SV_ModelIndex             0043e265 f   sv_main.obj
 0001:0003d2f5       _SV_CreateBaseline         0043e2f5 f   sv_main.obj
 0001:0003d4f1       _SV_SendReconnect          0043e4f1 f   sv_main.obj
 0001:0003d569       _SV_SaveSpawnparms         0043e569 f   sv_main.obj
 0001:0003d63c       _SV_SpawnServer            0043e63c f   sv_main.obj
 0001:0003dab0       _SV_CheckBottom            0043eab0 f   sv_move.obj
 0001:0003ddb8       _SV_movestep               0043edb8 f   sv_move.obj
 0001:0003e25f       _SV_StepDirection          0043f25f f   sv_move.obj
 0001:0003e375       _SV_FixCheckBottom         0043f375 f   sv_move.obj
 0001:0003e39d       _SV_NewChaseDir            0043f39d f   sv_move.obj
 0001:0003e6e3       _SV_CloseEnough            0043f6e3 f   sv_move.obj
 0001:0003e74e       _SV_MoveToGoal             0043f74e f   sv_move.obj
 0001:0003e820       _SV_CheckAllEnts           0043f820 f   sv_phys.obj
 0001:0003e8d1       _SV_CheckVelocity          0043f8d1 f   sv_phys.obj
 0001:0003e9eb       _SV_RunThink               0043f9eb f   sv_phys.obj
 0001:0003eaa2       _SV_Impact                 0043faa2 f   sv_phys.obj
 0001:0003eb98       _ClipVelocity              0043fb98 f   sv_phys.obj
 0001:0003ec86       _SV_FlyMove                0043fc86 f   sv_phys.obj
 0001:0003f260       _SV_AddGravity             00440260 f   sv_phys.obj
 0001:0003f2ca       _SV_PushEntity             004402ca f   sv_phys.obj
 0001:0003f474       _SV_PushMove               00440474 f   sv_phys.obj
 0001:0003fb1c       _SV_Physics_Pusher         00440b1c f   sv_phys.obj
 0001:0003fc0f       _SV_CheckStuck             00440c0f f   sv_phys.obj
 0001:0003fdd1       _SV_CheckWater             00440dd1 f   sv_phys.obj
 0001:0003ff02       _SV_WallFriction           00440f02 f   sv_phys.obj
 0001:00040008       _SV_TryUnstick             00441008 f   sv_phys.obj
 0001:00040236       _SV_WalkMove               00441236 f   sv_phys.obj
 0001:00040610       _SV_Physics_Client         00441610 f   sv_phys.obj
 0001:00040835       _SV_Physics_None           00441835 f   sv_phys.obj
 0001:00040846       _SV_Physics_Noclip         00441846 f   sv_phys.obj
 0001:000408d4       _SV_CheckWaterTransition   004418d4 f   sv_phys.obj
 0001:000409c4       _SV_Physics_Toss           004419c4 f   sv_phys.obj
 0001:00040c04       _SV_Physics_Step           00441c04 f   sv_phys.obj
 0001:00040cea       _SV_Physics                00441cea f   sv_phys.obj
 0001:00040f40       _SV_SetIdealPitch          00441f40 f   sv_user.obj
 0001:000411c0       _SV_UserFriction           004421c0 f   sv_user.obj
 0001:0004135d       _SV_Accelerate             0044235d f   sv_user.obj
 0001:00041417       _SV_AirAccelerate          00442417 f   sv_user.obj
 0001:000414ef       _DropPunchAngle            004424ef f   sv_user.obj
 0001:00041556       _SV_WaterMove              00442556 f   sv_user.obj
 0001:00041771       _SV_WaterJump              00442771 f   sv_user.obj
 0001:0004180d       _SV_AirMove                0044280d f   sv_user.obj
 0001:000419a0       _SV_ClientThink            004429a0 f   sv_user.obj
 0001:00041b64       _SV_ReadClientMove         00442b64 f   sv_user.obj
 0001:00041cb7       _SV_ReadClientMessage      00442cb7 f   sv_user.obj
 0001:000420ba       _SV_RunClients             004430ba f   sv_user.obj
 0001:00042180       _Sys_PageIn                00443180 f   sys_win.obj
 0001:000421f7       _findhandle                004431f7 f   sys_win.obj
 0001:0004223b       _filelength                0044323b f   sys_win.obj
 0001:0004229c       _Sys_FileOpenRead          0044329c f   sys_win.obj
 0001:00042315       _Sys_FileOpenWrite         00443315 f   sys_win.obj
 0001:00042386       _Sys_FileClose             00443386 f   sys_win.obj
 0001:000423c3       _Sys_FileSeek              004433c3 f   sys_win.obj
 0001:000423f8       _Sys_FileRead              004433f8 f   sys_win.obj
 0001:00042439       _Sys_FileWrite             00443439 f   sys_win.obj
 0001:0004247a       _Sys_FileTime              0044347a f   sys_win.obj
 0001:000424d1       _Sys_mkdir                 004434d1 f   sys_win.obj
 0001:000424e2       _Sys_MakeCodeWriteable     004434e2 f   sys_win.obj
 0001:0004250f       _Sys_Init                  0044350f f   sys_win.obj
 0001:0004263f       _Sys_Error                 0044363f f   sys_win.obj
 0001:000428a1       _Sys_Printf                004438a1 f   sys_win.obj
 0001:0004290e       _Sys_Quit                  0044390e f   sys_win.obj
 0001:0004294d       _Sys_FloatTime             0044394d f   sys_win.obj
 0001:00042a73       _Sys_InitFloatTime         00443a73 f   sys_win.obj
 0001:00042ae0       _Sys_ConsoleInput          00443ae0 f   sys_win.obj
 0001:00042cc5       _Sys_Sleep                 00443cc5 f   sys_win.obj
 0001:00042cd2       _Sys_SendKeyEvents         00443cd2 f   sys_win.obj
 0001:00042d2b       _SleepUntilInput           00443d2b f   sys_win.obj
 0001:00042d48       _WinMain@16                00443d48 f   sys_win.obj
 0001:00043280       _V_CalcRoll                00444280 f   view.obj
 0001:0004333c       _V_CalcBob                 0044433c f   view.obj
 0001:0004344c       _V_StartPitchDrift         0044444c f   view.obj
 0001:000434a0       _V_StopPitchDrift          004444a0 f   view.obj
 0001:000434cf       _V_DriftPitch              004444cf f   view.obj
 0001:00043646       _BuildGammaTable           00444646 f   view.obj
 0001:0004370e       _V_CheckGamma              0044470e f   view.obj
 0001:00043752       _V_ParseDamage             00444752 f   view.obj
 0001:0004393f       _V_cshift_f                0044493f f   view.obj
 0001:000439a4       _V_BonusFlash_f            004449a4 f   view.obj
 0001:000439d1       _V_SetContentsColor        004449d1 f   view.obj
 0001:00043acd       _V_CalcPowerupCshift       00444acd f   view.obj
 0001:00043bc3       _V_CalcBlend               00444bc3 f   view.obj
 0001:00043d3a       _V_UpdatePalette           00444d3a f   view.obj
 0001:00044035       _angledelta                00445035 f   view.obj
 0001:00044065       _CalcGunAngle              00445065 f   view.obj
 0001:000442b1       _V_BoundOffsets            004452b1 f   view.obj
 0001:000443d4       _V_AddIdle                 004453d4 f   view.obj
 0001:00044498       _V_CalcViewRoll            00445498 f   view.obj
 0001:00044544       _V_CalcIntermissionRefdef  00445544 f   view.obj
 0001:000445e1       _V_CalcRefdef              004455e1 f   view.obj
 0001:000449ff       _V_RenderView              004459ff f   view.obj
 0001:00044bbc       _V_Init                    00445bbc f   view.obj
 0001:00044d70       _W_CleanupName             00445d70 f   wad.obj
 0001:00044de4       _W_LoadWadFile             00445de4 f   wad.obj
 0001:00044f2a       _W_GetLumpinfo             00445f2a f   wad.obj
 0001:00044fa4       _W_GetLumpName             00445fa4 f   wad.obj
 0001:00044fc5       _W_GetLumpNum              00445fc5 f   wad.obj
 0001:00045009       _SwapPic                   00446009 f   wad.obj
 0001:00045040       _SV_InitBoxHull            00446040 f   world.obj
 0001:00045118       _SV_HullForBox             00446118 f   world.obj
 0001:00045166       _SV_HullForEntity          00446166 f   world.obj
 0001:00045372       _SV_CreateAreaNode         00446372 f   world.obj
 0001:0004551a       _SV_ClearWorld             0044651a f   world.obj
 0001:0004555f       _SV_UnlinkEdict            0044655f f   world.obj
 0001:00045592       _SV_TouchLinks             00446592 f   world.obj
 0001:0004574b       _SV_FindTouchedLeafs       0044674b f   world.obj
 0001:00045893       _SV_LinkEdict              00446893 f   world.obj
 0001:00045b3b       _SV_HullPointContents      00446b3b f   world.obj
 0001:00045c16       _SV_PointContents          00446c16 f   world.obj
 0001:00045c52       _SV_TruePointContents      00446c52 f   world.obj
 0001:00045c72       _SV_TestEntityPosition     00446c72 f   world.obj
 0001:00045cd4       _SV_RecursiveHullCheck     00446cd4 f   world.obj
 0001:0004617b       _SV_ClipMoveToEntity       0044717b f   world.obj
 0001:00046298       _SV_ClipToLinks            00447298 f   world.obj
 0001:000465a1       _SV_MoveBounds             004475a1 f   world.obj
 0001:0004666b       _SV_Move                   0044766b f   world.obj
 0001:00046790       _Z_ClearZone               00447790 f   zone.obj
 0001:00046811       _Z_Free                    00447811 f   zone.obj
 0001:0004691c       _Z_Malloc                  0044791c f   zone.obj
 0001:00046966       _Z_TagMalloc               00447966 f   zone.obj
 0001:00046a9f       _Z_Print                   00447a9f f   zone.obj
 0001:00046b64       _Z_CheckHeap               00447b64 f   zone.obj
 0001:00046bf1       _Hunk_Check                00447bf1 f   zone.obj
 0001:00046c65       _Hunk_Print                00447c65 f   zone.obj
 0001:00046e69       _Hunk_AllocName            00447e69 f   zone.obj
 0001:00046f2a       _Hunk_Alloc                00447f2a f   zone.obj
 0001:00046f40       _Hunk_LowMark              00447f40 f   zone.obj
 0001:00046f4a       _Hunk_FreeToLowMark        00447f4a f   zone.obj
 0001:00046f97       _Hunk_HighMark             00447f97 f   zone.obj
 0001:00046fc2       _Hunk_FreeToHighMark       00447fc2 f   zone.obj
 0001:00047039       _Hunk_HighAllocName        00448039 f   zone.obj
 0001:00047125       _Hunk_TempAlloc            00448125 f   zone.obj
 0001:00047185       _Cache_Move                00448185 f   zone.obj
 0001:00047217       _Cache_FreeLow             00448217 f   zone.obj
 0001:0004725a       _Cache_FreeHigh            0044825a f   zone.obj
 0001:000472d2       _Cache_UnlinkLRU           004482d2 f   zone.obj
 0001:00047328       _Cache_MakeLRU             00448328 f   zone.obj
 0001:00047377       _Cache_TryAlloc            00448377 f   zone.obj
 0001:00047541       _Cache_Flush               00448541 f   zone.obj
 0001:00047565       _Cache_Print               00448565 f   zone.obj
 0001:000475a5       _Cache_Report              004485a5 f   zone.obj
 0001:000475dd       _Cache_Compact             004485dd f   zone.obj
 0001:000475e2       _Cache_Init                004485e2 f   zone.obj
 0001:00047623       _Cache_Free                00448623 f   zone.obj
 0001:00047692       _Cache_Check               00448692 f   zone.obj
 0001:000476ce       _Cache_Alloc               004486ce f   zone.obj
[...]
FIXUPS: 51885 fffffeb3 ffffef8c 181 59 23 3e 29 16 11 e fffffba4 19 ffffff78
FIXUPS: 504bd 10 fffffe24 ffffff2c 45 10 16 c ffffff34 2600 6 38 fffffd26
FIXUPS: 52549 4e 19 46 1d 26 9 d 9 fffffc82 14 18 18 96 6 a 6 1b 4b fffffa1d
FIXUPS: 51f59 3a 31 5 151 24 28 aa fffaf704 13 c 13 c 13 15 5 1d 1e 3c
FIXUPS: 1a34 19 3a 3a 1a 23 51100 a ffffff5c 11 fffffda4 47 41 10c fffffc39
FIXUPS: 5271e 18 28 b 1f 2f fffaee15 4d 5c e 1c d 14 11 14 24 15 1d 1f
FIXUPS: 1785 13 10 4e 30 9 21 c 13 13 16 10 9 9 16 10 9 9 16 22b d 1d 27
FIXUPS: 1bc1 76 15 65 fffff36d 55 4c 25 4d 2f 58 38 49 1b 3c 18 67 6e 9a
FIXUPS: 148c 11 8 1a 70 12 11 14 23 b05 11 21 15 9 16 13 1a 12 e 9 14 14
FIXUPS: 2186 1b 25 34 f d 7 10 14 14 14 16 88 c0 1a f a fffff71f d 14dc
FIXUPS: 3014 12 12 12 12 12 12 12 ffffec83 2f 2e 45 20 f 99 51 49 1e 11
FIXUPS: 1f68 38 17 28 f f 8 b 21 21 1f 14 cb6 6d 12 42 12 8 18 12 12 12
FIXUPS: 2e76 12 12 12 12 12 12 12 12 12 12 12 12 12 12 12 12 12 12 12 12
FIXUPS: 2ff0 fffff7ed 12 12 f 9 128 28 1e 1a 16 28 1c 10 5b 8e d 1a 1f
FIXUPS: 2b59 1f 1f 1f 2c 1f 96 1c 3e 10 a e a e fffff85a 12 12 12 27 f
FIXUPS: 2609 12 12 12 12 12 12 12 12 12 12 12 12 12 12 12 12 12 12 12 12
FIXUPS: 2783 12 12 12 12 1958 5 a d d d d d d d d d d d d d d d d d d 12
FIXUPS: 4240 12 12 12 12 ffffe1a1 19 56 34 19 1759 53 19 8 49 40 3f 2e
FIXUPS: 3df3 2d 2d 2d 2d c 6c 2d 93 13 1c 2c 8 5 2c c c 16 1b 11 16 12
FIXUPS: 4102 19 fffff277 14 e f e f e e f 19 14 11 12 8 7 30 44 30 f 5e
FIXUPS: 3594 71 5d 5e 27 177 49 2b 16 f9 57 1e6 1ce3 6 11 ffffd796 11 d
FIXUPS: 30e0 14 14 14 14 14 6c 11 20 a d f 13 d f 1d 2d 10 23 9 1b 11 30
FIXUPS: 3328 44 12 2342 5 18 8 1c d a c 9 d a a 13 7 a 7 d 22 11 30 1d
FIXUPS: 580e 14 a a 2e 12 1d 26 14 6 1a fffffbda c d 19 12 8 b d 6 d 6
FIXUPS: 5551 a 2c 16 f 13 8 12 15 19 a 16 d 5 18 8 18 d 5 18 8 fffff8fd
FIXUPS: 4fa5 1b 1d 24 7 24 28 1f 37 43 54 55 61 2d ab 2a e 8 8 25 29 1b
FIXUPS: 5392 20 8 2e 39 f 33 2c 28 fffff4e4 4f 12 2c 39 32 45 14 71 26
FIXUPS: 4ba6 23 23 25 dd b b b 23 f 25 27 6a 38 2d 12 95 22 25 11 25 5
FIXUPS: 45ea d a 13 d 13 14 1a 22 1f c 16 1a 22 1f c 43 3b d 7 3c 15 7
FIXUPS: 4831 5 2c f 22 a c 93 16 1a51 1f 52 ffffdead 51 12 1b 1d 8 2c 20
FIXUPS: 43e9 14 49 8 37 f a f 37 8 2b f 14 d 16 a 8 5 22 d 28 198c 14 9
FIXUPS: 5f88 9 14 9 14 9 d 8 8 c d 8 8 c d 8 8 8 8 14 a 64 f 83 182 14
FIXUPS: 632f 1a 14 fffff940 15 8 29 a 2a 29 22 d 8 8 15 8 29 a 2a 29 22
FIXUPS: 5e51 8 8 15 d 8 8 c a 64 d 8 8 c 114b 1a e d ffffe903 12 12 12
FIXUPS: 5a01 12 12 15 8 8 8 8 8 8 146 12 22 8 8 15 21 d 8 8 18 21 d 8 109c
FIXUPS: 6d3d 28 32 c 18 2d 15 e 5b 25 3d 2e 8 35 3c 13 c b e 1a e 22 f
FIXUPS: 7009 e e 12 8 a b 14 fffff91d 22 e e f 14 c 13 18 f 33 11 f 12
FIXUPS: 6ac2 13 14 29 f 26 10 1c 16 f 1f 12 12 12 12 12 6b 94 fffff7e0
FIXUPS: 6514 19 d 15 1b c d3 6b 11 2c f 4e 26 50 1f 11 a8 11 2f c c 12
FIXUPS: 6915 a a 9 13 e c e c 2932 1e 54 3f 18 f 50 5e 1e 1d 9 d 18 9 d
FIXUPS: 94c8 9 d 4e 9 d 98 20 9 1c 32 1e 29 ffffce05 12 21 e 2937 1a 25
FIXUPS: 8e7c 1d 17 11 11 c 8 15 13 1b 25 1a 10 21 35 50 2d 19 1a c 40 75
FIXUPS: 91ab 13 45 21 d 19 55 fffff69d f 26 19 25 b3 20 46 16 37 49 12
FIXUPS: 8b95 c 32 11 2b 1f f 27 13 11 13 27 11 22 40 17 52 21 20 19 fffff538
FIXUPS: 8350 f 67 14 12 17 117 7c 25 cc d 12 8 5 20 5c 4f 13 2c f 1d 16
FIXUPS: 8813 c 43 1c 10 12 c 50 1d fffff0ac 70 20 e 14 16 a 10 1a 21f 4d
FIXUPS: 7d4b 34 63 1c 17 c 40 9 12 34 9 1d c 11a 6c 25 21 45 1d8 2f 20
FIXUPS: a8d3 d d 1c 8 5 5 25 ffffedd9 37 2f 6f 16 35 30 16 16 11 9e 8f
FIXUPS: 9a00 31 89 36 45 ffffd830 4f 18 15e 426 21 21 2730 55 31 d1 d9
FIXUPS: a30f 10 12 c 14 20 1e 27 9 25 2d 1b 35 1e 30 31 4d ae 109 4b 30
FIXUPS: a77e 1b 3e c7 15 14 371 19 f 2c 9 15 1c 11 f 4d fffff038 11 e 23
FIXUPS: 9e21 57 7d 15 7b 39 1b 11 2b f 12 1b 12 a d 12 12 12 2d86 96 2c
FIXUPS: cf17 54 27 47 34 1c 41 ffffd97e 21 20 14 2c 3d 25 1a 18 12 c c
FIXUPS: ab40 f 38 24 10 16 17 13 17 1a b5f fa 32 43 127 2e 120 14 14 b
FIXUPS: bde0 30 30 35a 34 138 54b 15 25 1e 1c 92 23 5c 181 15 25 1e 1b
FIXUPS: cc44 23 5d ffffe4dc 11 25 2c e8 48 14 27 16 1b 6c 4e d d 15 18
FIXUPS: b4b5 12 d 5f d d 16 c 22 15 14 38 82 54 41 12 2242 e 11 10 1b 15
FIXUPS: d9d9 1d c 16 8 1a 14 1e 15 1d 1c c 20 2f 1e ffffd381 3f 22 22 42
FIXUPS: b0ae 77 2a 1f c 1a 58d7 3c de 1a4 27 6b 8 24 2b c 4f 13 8f 1f 4a
FIXUPS: 10fa8 59 55 48 31 114 6f 23 26 4b ffffc226 25 bb 1e 2df 55 d 2497
FIXUPS: fdf1 f f f f f f 8 119 3e c 28 35 19a 432 5f 11 33 1b 2a f4 17
FIXUPS: 10802 20 28 8d 36 2f a4 36 20 ffffe700 52 37 13 3d 26 1ab 3f 26
FIXUPS: f657 20 1d0 129 1f 72 5e 20 97 28 12c 1a 21 1c 1e 4d 4d f f f f
FIXUPS: fdc4 f ffffe605 60 a0 44 87 83 33 34 33 34 33 3d 26 cd 20 18c 24
FIXUPS: eae2 26 92 12 da 1dd 8 1f 8 61 44 26 11d 7f 1f ffffeab1 17 17 1c
FIXUPS: dc2c 32 16d 6e 3f 2c 10 30 26 31 33 20 18 52 12 12 17 13 70 f8
FIXUPS: e1d8 29 63 13 10 31 77 10 5b2b 5 5 5 5 5 18 21 b ffffd7fc 152 31
FIXUPS: 11924 2a e5 bb 2e 97 17 a3 ec 71 f0 2d 15b 5c fffff341 ec 3a 19
FIXUPS: 115d3 ca 1d52 2f 31 7f 36 8 48 20 15 8 42 1b9 182 5 5 5 5 5 5 5
FIXUPS: 13936 5 183 60 58 14 34 a1 5 106 a0 21 ffffe62e 2d1 57 19 93 7c
FIXUPS: 12983 df 15 2f 47 19 1d 16 1b f 11 b1 28 63 6f 72 3a b4 11 57 b3
FIXUPS: 1305f 24 81 5d 25f 1523 38 3c 11 1b 15 27 1c5 2ae 5d 5 6f 2f 4d
FIXUPS: 14fb7 d 2b 13 ffffd0f0 c7 6e 66 3e 39 c 3e 1b 32 1b 35 1b 38 20ca
FIXUPS: 14515 d d d d d d d d d d d d 18 d d d d d d d d d d 8 5 28 5 174
FIXUPS: 1485a 59 3471 1b 108 52 2a 7c 91 ffffbf21 168 15d 7f 8 3b 26 8
FIXUPS: 142e1 26 8 3b 26 8 3b 30 8 3b 30 8 3b 28 16 12 12 2876 11b 22 cd
FIXUPS: 16f89 d 43 6c c1 18b 1e 23 6a 14 8 5 11 91 18 1e6 45 3e0 57 1c
FIXUPS: 17ac0 28 11e 59 1e 56 1b 1b ffffe0a9 1d 74 29 31 29 39 74 29 31
FIXUPS: 15ff6 18d cb 105 17 12 19 24 11 236 25f 104 c 7f 1d 83 14 7b 2c
FIXUPS: 16b90 13a 32 ffffea49 10 f 1d 12 151 12 72 8d 12 c 1e c 1a 1d 19
FIXUPS: 15aa7 1d 1c 28 10 f 1d 12 14b 29 31 29 44 12 c 15 30c5 42 8 5 5
FIXUPS: 18eb9 5 5 5 5 5 5 2c 22 25 25 25 e1 42 a6 ffffbf84 11a 43 89 1a6
FIXUPS: 155e6 4c 40 1c 2d 25 3d 3255 1e 2d 5 48 2e 87 88 f f 2a 4c 18 2f
FIXUPS: 18c58 2d 3c 2a 4f 3a 61 5 5 5 5 e 5 5 1d 5 1c 1c fffff4d6 d d d
FIXUPS: 18365 12 12 12 d 12 12 53 6d 4a 33 2f 20 2f 12 154 5d 6 26 19 57
FIXUPS: 187f5 1c 21 13 ff c 11 3260 6d 5a 27 1a 21 12 3d f 98 57 1f 42
FIXUPS: 1beac 14 14 23 8 ffffc0f3 7c 43 90 c6 3b 23 1a 36 2c 1c d d d 315b
FIXUPS: 1b49e 11 13 33 11 13 13 e1 cf 15 13 1bc 17 27 56 28 77 c 12 21
FIXUPS: 1ba59 25 8 13 c 14 23 17 4e 2b 21 fffff3e4 12f 43 11 16 115 d d
FIXUPS: 1b246 d d d d d d d d 12 12 12 12 29 24 d 37 3e 17 11 13 17 44
FIXUPS: 1b46c fffff21e 36 d9 2d 36 34 22 24 14 1a e 21 16 12 9 21 e 1b
FIXUPS: 1a986 f 18 83 17 11 13 34 11 13 54 17d d a8 fffff142 19 5 e 283
FIXUPS: 1a1e6 ab 3a a 5 32 23 1e 5 64 5 14 5 40 5 11f 10 9 13 9 55 27 f
FIXUPS: 1a609 f 33 37 fffff21a 18 20 64 15 e c 80 31 12 29 25 2a 28 31
FIXUPS: 19b0d 75 1f 1a 11 11 52 24 24 23 16 24 16 5 15c 5 36 2b4c 1a 1a
FIXUPS: 1ca23 1d b 1a 34 1c 1a 34 21 131 10e ffffc5e3 2a 19d 121 166 1b
FIXUPS: 197ff b 5 7 5 9 20 b 5 c 1e 5 47e1 5 5 5 5 5 5 5 a f 8 19 1d 1e
FIXUPS: 1e101 5 5 5 e ffffdedb 1e 7a 3e5 13 1e 2a3 91 35 101 7f b 1a 1447
FIXUPS: 1de40 18 17 1b 1f 3a 4c 2d 8 5 5 5 9 e 8 a 8 5 5 5 5 5 5 a 1f 8
FIXUPS: 1e00a 1b d 1b f fffff9cb b 18 28 8 1b 8 2a 8 1d 1a 23 38 d c 8
FIXUPS: 1dbcb 76 17 1e 12 16 15 16 16 11 46 c 19 45 1a 21 fffff8f5 3b e
FIXUPS: 1d733 4f 16 1e 14 8 5 14 1e 14 f0 14 22 5 5 20 5 14 11 9 11 5 5
FIXUPS: 1d9c0 e 5 e e 20 fffff7d6 c 30 1e 18 30 84 25 35 1e 18 25 18 1b
FIXUPS: 1d448 25 11 92 23 14 11 23 11 11 23 11 38 5 68 1f 12 13 fffff84d
FIXUPS: 1cf0f 20 1c 36 2a 1f 23 71 20 11 f a d d d d d d d d d d d d d
FIXUPS: 1d15e 8 46 9 16 e 39d4 12 12 12 12 12 12 12 12 12 12 12 12 12 12
FIXUPS: 20cbb 12 12 12 12 ffffc0f2 1e 13 1d 11 7 c 20 12 20 1e 13 39d9
FIXUPS: 208cd 12 16 53 a 29 d 18 18 2b 19 2f 36 5 20 5 14 12 12 12 12 12
FIXUPS: 20b0b 12 12 12 12 12 12 12 12 fffff66d 9 69 29 35 33 32 40 42 41
FIXUPS: 2046a 5a 6a 6e 68 d7 20 18 14 14 9 13 e 1d 19 16 11 9 3c 36 12
FIXUPS: 20865 fffff583 14 14 13 10 1f 17 38 16 18 14 13 2b 3e 3e 15 9 e
FIXUPS: 1ffd2 e a1 16 60 a 6 32 9 43 13 a 24 35 fffff84d c bc 8 2e 15 11
FIXUPS: 1fb80 1f 49 15 1c 13 16 1c 13 16 1c 31 16 1c 16 14 13 10 14 13
FIXUPS: 1fd8e 10 13 14 14 fffff8d7 f e d d c 9 15 9 d 9 58 11 3b 21 1a
FIXUPS: 1f827 24 3a 16 22 38 21 f 14 1b 1a 21 14 14 2b 1d fffff8f0 1a 1e
FIXUPS: 1f334 39 a 17 20 2a 1c c 16 1e 11 a4 1f 11 f 19 a 1e 11 8 20 14
FIXUPS: 1f5cc 1e 11 58 13 1f 1b fffff7fe 16 58 f c 2a 56 53 29 28 11 18
FIXUPS: 1f085 26 22 1c 3a 59 8 d 15 d c d 22 1a 11 2d 1b 22 19 32 fffff8bc
FIXUPS: 1eba4 16 1f 41 13 e 29 d c e d 14 13 f 19 1a 14 14 14 1c 20 18
FIXUPS: 1eda7 20 43 1d 14 19 1b 1b 8 fffff9b5 c f 2a 5 7 d c 8 37 12 1e
FIXUPS: 1e92c 14 69 1b 1b d f 14 9 11 6c 11 1a 14 14 14 16 18 c 15 fffff9aa
FIXUPS: 1e50b 5a 1f 19 f 96 b 2f 7 12 1e e e 12 14 14 d c 26 1a e e 12
FIXUPS: 1e7a1 12 f 21 a 7 d c 3834 1a b2 68 1a 10 43 6f 40 83 64 1a ffffbdb4
FIXUPS: 1e14d 7 8 26 1f d2 70 4e 39 25 11 f 19 3c 27 13 f 18 67 3144 8b
FIXUPS: 216ba 3b 16 74 117 c ba 2b 3d 4a 1b 32 53 a8 4c 17 e 26 25 25 26
FIXUPS: 21c82 ee 4f d1 3c 26 6e 30 ab fffff10b 29 41 11 d d d d d d d d
FIXUPS: 21236 d d d d d d d d d d 12 12 18 5 a 5 be 3c 1d0 1a05 50 e a
FIXUPS: 2304b 4c f 53 f 32 87 f e d 4e e e f ffffdbdf 95 71 3c 63 33 34
FIXUPS: 21081 1e 20 c 18 f 39 18ca 1a 12 13 26 f c 9 13 e 13 41 17 19 f
FIXUPS: 22b3b 13 e 2d e c e 3d c 10 15 58 12 269 12 12 b3 d6f 45 4d4 24
FIXUPS: 24280 17 8 18 b 1d 8 1a 41 21 2a ffffe080 d 1d 47 24 1f 25 c f8
FIXUPS: 22600 ac 18 14f f d d 10c 773b e e e e e e 60 1f ffff9272 29 37
FIXUPS: 23434 39 14 66 46 30 20 20 22 1d 1a 78 25 2ee 7d 14 1f 14 20 14
FIXUPS: 29eb8 7 7 7 7 7 7 7 7 7 7 7 7 7 7 7 7 13 12 5 5 7a 11 11 11 11
FIXUPS: 2a026 11 11 11 e e fffff9fb 75 2d 19 19 1c 1f 3b a f 39 34 4f 9
FIXUPS: 29d40 12 12 12 12 12 12 12 12 12 12 12 51 8 5 5 7 41 fffff6c5 42
FIXUPS: 295c2 20 a 12 23 d 13 9 8 30 9 35 9 2c 9 c de 12 21 1c 13 11 3b
FIXUPS: 298a6 23 f7 25 29 20 21 fffff46b 29 21 11 35 2f 3a 2f 2e 2f 14
FIXUPS: 29072 42 1f 16 16 16 e9 38 1f 29 1f 22 25 28 22 25 28 22 25 171
FIXUPS: 29542 fffff634 d 21 13 14 11 14 10 11 27 16 11 17 69 10 3a 11 27
FIXUPS: 28d83 22 16 11 27 10 b 10 11 27 10 b 10 11 fffff7ea 13 1d 1b 1b
FIXUPS: 286fd 14 21 1d 18 10 1d 18 10 21 3d f 34 47 17 a 45 9 20 11 1d
FIXUPS: 28972 30 43 5d 38 ef fffff581 1a 14 21 3d f 34 59 61 1e 18 11 1d
FIXUPS: 282e8 1d 11 33 35 35 147 26 d d 29 47 f 1c 1f 18 18 1d 1a fffff5e1
FIXUPS: 27c4a 47 9 f 18 11 2d 183 d d 29 2c 1a 18 19 1e 1d 1b 10 18 19
FIXUPS: 27ff1 1d 1b 10 18 19 1e 1d 1b 10 fffff5f9 13 14 15 17 1b 13 15
FIXUPS: 27777 1b 1b 15 21 21 1a 19 23 1b 1b 1b 14 21 1d 1f 10 21 3d f 34
FIXUPS: 27a0f c3 10d fffff549 127 7b 94 17 11 11 11 11 11 11 11 11 11 11
FIXUPS: 27430 11 11 11 14 14 14 14 14 14 14 120 d d 29 47 f fffff5cf 21
FIXUPS: 26cb2 13 42 13 1a 1c e 18 c 27 c 17 2b 16 1f 20 31 12 c 45 f 32
FIXUPS: 26f5e d 1c 19 16 127 9 d fffff696 11 36 11 36 11 e d 11 e d 1d
FIXUPS: 268a9 e 10 14 1f 3d 35 11 c a 9 12 31 2e c 162 4e 39 47 15 fffff74d
FIXUPS: 263d5 12 14 12 1e 3c 39 39 7a 33 1d 1f 6 22 17 15 d d 21 11 11
FIXUPS: 26684 11 28 11 28 11 28 11 1c 11 fffff5fd 1f 24 1f 12 15 1f 12
FIXUPS: 25e39 1f 15 1c 2a 21 21 21 14 1c 9 17 3d f 36 52 7 7 7 148 85 64
FIXUPS: 262e3 64 fffff4c2 1d 1f 10 1d 1f 10 3d f 34 42 4e 72 16 9 14 16
FIXUPS: 25aa1 9 12 18 11 1d 11 2d 35 164 15 d d 21 1d fffff6d7 31 3d f
FIXUPS: 254ce 6d 22 7 be 14 e 1f 22 d d 21 11 13 14 11 13 14 11 11 13 14
FIXUPS: 25786 16 d 1e 13 14 fffff738 12 21 39 16 1b 17 21 39 16 1b 3b f
FIXUPS: 250e0 11 9 f 2f e8 2a 9 f 31 e5 d d 21 d d 14 1c 9 fffff623 7 7
FIXUPS: 24a3e 7 d4 d d 21 d d 14 1c 9 17 3d f 34 63 26 d d a 7 c9 2b 14
FIXUPS: 24e1a 18 1e 5b 32 fffff75b f 1a 26 17 d 39 17 f 1a 2a 17 d 3a f
FIXUPS: 247d5 2b 26 7 52 d d 21 d d 14 1c 9 17 78 f 31 7f44 8 5 23 11 23
FIXUPS: 2c995 d 11 c 13 26 8 33 11 31 8 3f 11 1d ffff78d6 2b 3a 3d 29 54
FIXUPS: 24500 55 64 21 17 d 7cc6 84 19 38 15 7d 13 8 13 8 11 11 23 26 22
FIXUPS: 2c509 4f 4c 1d ca 6b 51 8 37 f f 12 f 57 7b 1a 49 fffff418 3c f
FIXUPS: 2bd6f 12 57 94 f 12 40 59 13 14 17 f 12 12 54 30 48 63 d f 12 3d
FIXUPS: 2c185 5a 46 f f 12 f fffff697 13 f 59 19 75 f 12 11 17 17 17 b
FIXUPS: 2ba9d b 1a 57 19 16 4c f 12 19 14 57 21 6 13 13 f 12 12 fffff4fa
FIXUPS: 2b1de 50 56 f5 f f 11 60 17 22 50 47 cc f f 12 5a 17 109 42 47
FIXUPS: 2b7f1 3d 17 6 18 f 12 3d 14 12 fffff4e1 39 11 8 8 a 8 8 8 8 a 33
FIXUPS: 2aebb 97 1a 3a 11 d 18 d 1b d f f 14 5d 17 f 49 d 73 12 fffff7ac
FIXUPS: 2a98c d8 20 16 3b 34 1e 14 17 d e 19 14 14 13 14 14 13 14 14 13
FIXUPS: 2ac4b 9 29 27 32 9 3b 9 1c 6f 21aa 18 d4 18 ffffd13d 43 33 a f
FIXUPS: 2a232 34 9 1a 9 18 9 c 9 36 9f 106 f2 84 81 89 55 d3 47 25 16 37
FIXUPS: 2a93e 3a55 c 9 1f 2a d 10 23 76 e 55 c c 41 5c ffffe5c7 16 16 12
FIXUPS: 2cbf8 16 26 18 21 3a 18 1e 111 1b f 4e 7a 116a d d d d d d d d
FIXUPS: 2e0bf d 12 12 12 12 a3 1d f 1c c 9 70 15 1b f 9 35 1c 1c 21 14
FIXUPS: 2e37e fffff583 10 4e b6 1c 54 2f 10 8a 2f 10 8a 2d 6a 90 68 6a
FIXUPS: 2de34 14 2c 25 1b 2d 25 1b 16 16 2c 14 19 41 2e fffff2c4 14 17
FIXUPS: 2d320 d 7b 24 7a 5 27 13 8e 29 2a f 18 31 4e 3e e 32 3f 88 8 5
FIXUPS: 2d763 f b2 1a 54 24 21 1c78 2c 13 14 6b 14 fffff08a 1c 1b 1f 47
FIXUPS: 2e75c e 18 1c 8 41 14 8 3f 14 8 42 11 9 26 8 ffffe80c 88 101 45
FIXUPS: 2d2ca 1be2 10 20 e 3c b 1b 1c 69 13 12 e 4c f3 8 9 16 1e 56 10
FIXUPS: 2f233 34 30 10 27 2e 46 10 d 30 32 47 c2f 25 10 23 10 1e 4f 21
FIXUPS: 3016a 14 ffffe789 18 7c 10 18 29 51 2e 1a2 15 44 3b 38 b2 d 38
FIXUPS: 2edf8 1d f 1e a 1b a63 e 42 1b 1c c0 10 d 13 2e 8e 9e 23 50 58
FIXUPS: 2fd03 21 2e 3d 3d 3d 3d 3d 3d 3d 3d 3a 2b d 34 34 d 249d 28 17
FIXUPS: 3250b 11 b 11 b 11 b 33 1b e 28 21 8e 9 14 ffffcf90 55 7a b2 a
FIXUPS: 2f7e5 40 14 10 19 f e f 1c 2595 27 1f3 6b cd 12 79 cb 23 3d 21
FIXUPS: 3239b 29 6 6 15 6 6 15 6 6 15 6 6 19 6 19 6 1c 6 1c 9 fffff2b5
FIXUPS: 317a1 2e 4e 15 20 2e 43 23 15 f 37 9 41 3a 17 33 a3 5c 11 4a 7e
FIXUPS: 31bfa 13 35 1f 29 24 2e 2f 30 42 fffff10a 3c 37 16b 40 5a 16 26
FIXUPS: 3116f 2b 9d ac 21 45 2d 25 44 ef 50 e 1b 18 10 1d 35 4e 22 37 21
FIXUPS: 316bd 2b 38 fffff145 21 2a 13 4c c3 71 14 b3 14 45 1d 14 55 5c
FIXUPS: 30c4e e 7a 21 14 2f 13 11 b 11 b 2c 28 2b 36 1d 1c fffff361 1b
FIXUPS: 30213 1d d 14 24 1d c d 3d 5f 49 77 14 14 16 202 49 68 21 29 29
FIXUPS: 30785 12 14 21 d 21 2a 13 21 3443 1c 16 c c 31 16 3c d 1b 1f 36
FIXUPS: 33e45 1b 36a a8 12 12 12 d d d d d d d d d d d 27 4e fffff500 7a
FIXUPS: 3393f 27 12 16 22 16 14 f 3b 16 19 27 1d 1f 19 18 11 56 2c 10 d
FIXUPS: 33ba7 27 12 2a 20 20 12 27 c fffff6c8 82 11 11 11 11 1b 93 1e 12
FIXUPS: 33511 23 27 11 c 16 19 c 1a 1c 11 1b 12 f8 1f 20 80 40 9 1f 1a
FIXUPS: 3388c fffff669 14 1b 1f 24 d 26 14 24 11 e 4b 86 c 21 17 e 20 19
FIXUPS: 331a0 8a 15 12 16 13 9 19 29 14 9 1b e fffff6cd 61 4f 23 f 33 74
FIXUPS: 32b79 13 36 13 21 17 22 37 14 18 70 18 13 36 13 21 17 1f 37 18
FIXUPS: 32e62 1f 17 2a d 183d 11 17 54 27 f3 30 af d 36 7b 31 188 c 1c
FIXUPS: 34c2c 2e6 fd 116 103 3d 1d 5b 80 ffffd37c 3e 43 1d 1b f 16 1c2
FIXUPS: 36774 4d 81 3e 16 164 142 5a 95 ffffd7bc 18 21 34 e 27 25 e 10
FIXUPS: 344da 1d e 1b e 1b e d 20 4e 28 9b 4d 22 185a 2c 2f 2b 38 e8 1d
FIXUPS: 36144 17 3a 1e a 23 bb 1d 59 22 23 1b a 23 50 d3 1a 34 2f 1d 34
FIXUPS: 365c8 2f 116 2f ffffeecd 14 18b 13 1a 19 24 2d a9 11 2a 26 1a 8
FIXUPS: 3599b 85 40 2c 4e 2c ea 2c 9d 35 34 2c 39 37 2c ba 40 2c 3290 18
FIXUPS: 391d0 18 20 15 17 3d f 13 d 13 27 27 22 22 19 16 1a 1c 19 1d 1f
FIXUPS: 3941e ffffc06c 1f 3d 53 5c 14 26 14 35ac 29 2a 28 26 27 2b 26 27
FIXUPS: 38cf7 25 1d 17 83 3f 21 8 93 f 1b 1b 1e 18 18 18 23 17 4e 139 f
FIXUPS: 39167 1b fffff54a 1d 1d 13 11 11 2b 28 26 27 6e 93 11 e 21 8 2c
FIXUPS: 3897e 26 23 13 33 23 23 24 27 21 24 25 8 22 32 fffff251 7e 3d 1b
FIXUPS: 37ea6 2a 73 3a 29 29 29 bc e5 e5 db 49 c6 f 22 22 1e 1a 1a 1a 25
FIXUPS: 38563 a2 f 3b 1e 1e 1e ffffefaa 2d 2c 2d 2f 2f 2c 2d ae 83 167
FIXUPS: 37a39 66 2a 16 37 10 1f 10 14 1a 39 13 d 20 f e 2c 15 15 59 5d
FIXUPS: 3739c 12 12 12 12 12 12 35 9 23 9 23 9 23 9 23 9 21 12 1f 12 12
FIXUPS: 3757e 12 12 12 12 12 12 12 12 12 fffffb2f 12 12 12 12 12 12 12
FIXUPS: 371df 12 12 12 12 12 12 12 12 12 12 12 12 12 12 12 17 12 d 12 12
FIXUPS: 37366 12 12 fffffb2c 12 12 12 12 12 12 12 12 12 12 35 9 23 9 23
FIXUPS: 37000 23 9 23 9 23 9 23 9 21 12 12 12 12 12 12 366a 2a 14 9 10
FIXUPS: 3a80e 14 e 10 f 15 9 42 60 45 f 1f 16 34 1a 25 ffffc3e7 9 1b 9
FIXUPS: 36e38 12 12 12 12 12 12 3170 30 28 38 35 39 df 1e 31 1e d1 4b 182
FIXUPS: 3a504 25 41 38 1a 24 35 63 48 8 19 14 9 10 10 14 e 10 f fffff073
FIXUPS: 397e1 49 18 c 16 37 2e 20 2f 12 34 22 17e 7e 36 63 10 1e 59 23
FIXUPS: 39d46 15 117 e e aa 8 21 8 2d 50 fffff513 16 14 22 30 d 16 20 12
FIXUPS: 395dc 12 12 d d d d d d d d d d d 1e d 12 5 f 2b 88 20 d 16c4 55
FIXUPS: 3aeff 2b 15 23 43 3d 21 11 31 16 2c 16 1d b 17 19 1e d 22 1b 1f
FIXUPS: 3b192 29 23 ffffe28b 1e 17 17 16 17 1eae 21 8 5 8b 79 6b 5f 8 5
FIXUPS: 3b5ba 8 5 1cc 5d 65 16 60 fffff173 2d 22 ad af 25 13 1b 1d 25 29
FIXUPS: 3acd6 3a 6c 14d3 20 158 99 30 40 8 2b 8 1c 2b 8 2b 8 1a 77 8 aa
FIXUPS: 3c71c 26 19 29 21 f 32 be 96 8 10 ffffe9be 73 8 943 40 95 37 38
FIXUPS: 3be45 3f 1a 8 32 8 17 2c 1e 77 18 20 18 2b 34 8 5c 8 1d 30 8 2d
FIXUPS: 3c176 4b 58 8 26 22da 14 11 18 1e 75 68 1b 1b 1f 14 3f 8 11 11
FIXUPS: 3e733 22 9a 57 16 f 20 23 6c 16 20 b6 30 5 5 50 f fffff537 1b 65
FIXUPS: 3e065 2c 13 f 24 61 3e 1b 3f 1f 1d f 12 30 58 32 3a 98 14 2a 2a
FIXUPS: 3e436 11 14 14 14 14 30 18 fffff79f a 1d a 24 d 11 a 11 a 11 a
FIXUPS: 3dd42 a 11 a 11 a 1a a 2b 1d 43 1f 19 19 31 16 f c5 13 19 fffff796
FIXUPS: 3d77f 20 20 22 58 6a 11 a 11 a 5a 24 21 32 64 1a c 18 13 1f f5
FIXUPS: 3db83 1b a 1b a 40 a 2e a 12 fffff371 2d 13 20 69 17 43 20 59 22
FIXUPS: 3d1b8 37 bf 42 18 59 f6 1b7 1d 1d 12 1b a 1b a 1e a 1e a 1e a 20
FIXUPS: 3cc6d 1b 1b b 11 11 5b 21 2a 16 11 11 16 37 13 21 16 2f 13 2f 13
FIXUPS: 3ceda 14 d 14 d 11 12 10 11 11 4c 271a b5 3f e 1f 18 ffffd15a d
FIXUPS: 3c984 d d d d d d d 39 2c 13 14 14 2f 2d 13 11 2b 36 1d 50 2f 11
FIXUPS: 3cc5c 24c6 11 56 15 1a 43 17 3b 25 1f 17 43 68 15 1b 31 12 15 126
FIXUPS: 3f512 12 6 d 6 40 33 26 11 4a 53 25 1e 24a5 8b 1d 44 c 1b e 11
FIXUPS: 41cc7 c c 56 66 21 27 27 27 27 69 13 b ffffcce1 97 e0 ef 108 26
FIXUPS: 3ef64 44 7d 5b 3d 25e2 1a 15 15 12 c c 11 11 24 e 3b 13 b e 36
FIXUPS: 4183d 14 38 32 e 19 70 4e 34 1a 17 38 32 23 14 71 fffff103 a5 11
FIXUPS: 40cde 8a 11 e 3f 63 58 37 66 88 176 3f 1d 27 ac 16 86 7a f0 4b
FIXUPS: 414bf 27 20 1d 17 46 e2 c 11 ffffe242 61 48 122 93 57 283 d1 45
FIXUPS: 3ff77 e4 133 51 91 dc 73 44 3e 16 26 173 cc b8 36 ee 1c 11d 32
FIXUPS: 40a57 ae 8e 71 2129 f 31 14 2f 23 23 23 23 23 23 23 23 23 23 23
FIXUPS: 42f54 23 23 20 20 20 20 1d 16 1e 18 93 b 24 25 ffffc746 2c9b 2c
FIXUPS: 42619 2d 23 5b 42 ad 7b 92 3a 33 58 5 b 3d 30 b1 5a e 38 7 11 62
FIXUPS: 42c1a 11 11 11 44 36 16 1f 1320 10 29 24 27 29 12 2a 12 2a 21 8
FIXUPS: 4416f a c 8 1e 1e 5 41 28 8 1b ffffdcfd 39 17 cf 7f fd 9d 193 dd
FIXUPS: 43797 2d 1d 15 9 2f 4c 18 7 36 1f 24 5 29 7 131 c 1f 46 32 3c 16
FIXUPS: 43d0d 8d d 19 eb 1e f4 11 26 12 fffff32f 18 12 19 13 13 1a 10 19
FIXUPS: 433ed 12 1d f 15 1d f 15 11 15 1c 16 2b 2b c7 1f 65 20 3a 25 18
FIXUPS: 4373e 2d 2512 d d d d d d d d d d d d d d d d d ffffd4d3 15 c 13
FIXUPS: 4326d 15 c 15 8 11 3c f 15 8 22ad 17 3c 98 5 38 61 2e 26f 2e 12
FIXUPS: 45a49 11 10 5 8a 19 5d 45 16 12 12 d d d d d d d d d d ffffeaf1
FIXUPS: 44781 5c da 1d 71 9 f 9 f 9 f 9 3af dd 31 1d 19 78 11 11 106 14
FIXUPS: 4508c 4b 141 3e 3e 16b 3e 3e 38 1d88 db 136 30 3d b0 2b eb 26 bc
FIXUPS: 47772 ffffe67d 1f 49 a6 20 1c 42 1c 16 37 ffffe2b6 5e 57 8a 2f
FIXUPS: 4451f 48 15d 14 62 1f 1d8f 1d 19 11 27 1f 14d 52 2c 105 26 1d 1d
FIXUPS: 46963 f1 ad 18 17 37 c7 3b 43 92 104 4d 10d 2a 34 a5 53 9a 40 1248
FIXUPS: 48460 3e 53 3e 2b 3e 3a 48 1b 52 2b c 22 17 23 1e 2f 12 e 3e a
FIXUPS: 487fc 15 11 18 ffffd968 e 23 162 6b f 1b05 2c 12 27 1e 31 1d 2f
FIXUPS: 47fdf 22 26 26 18 40 21 27 27 31 12 13 28 28 24 f 1f 41 64 e 2e
FIXUPS: 48343 74 1f fffff44d 22 16 c6 b 1a 12 20 140 32 2d 1b 22 53 1b
FIXUPS: 47be4 3b 2d 7f d 22 20 d 2b 2d 3f 22 28 1f 26 11 1f
